wait-for-it.sh: waiting 30 seconds for api:8001
wait-for-it.sh: api:8001 is available after 3 seconds
[0m[32mDownload[0m https://registry.npmjs.org/@apidevtools%2fjson-schema-ref-parser
[0m[32mDownload[0m https://registry.npmjs.org/@apidevtools%2fopenapi-schemas
[0m[32mDownload[0m https://registry.npmjs.org/@apidevtools%2fswagger-cli
[0m[32mDownload[0m https://registry.npmjs.org/@apidevtools%2fswagger-methods
[0m[32mDownload[0m https://registry.npmjs.org/@apidevtools%2fswagger-parser
[0m[32mDownload[0m https://registry.npmjs.org/@jsdevtools%2fono
[0m[32mDownload[0m https://registry.npmjs.org/@types%2fcookiejar
[0m[32mDownload[0m https://registry.npmjs.org/@types%2fmethods
[0m[32mDownload[0m https://registry.npmjs.org/@types%2fnode
[0m[32mDownload[0m https://registry.npmjs.org/@types%2fsuperagent
[0m[32mDownload[0m https://registry.npmjs.org/@types%2fsupertest
[0m[32mDownload[0m https://registry.npmjs.org/ajv-draft-04
[0m[32mDownload[0m https://registry.npmjs.org/ajv
[0m[32mDownload[0m https://registry.npmjs.org/ansi-regex
[0m[32mDownload[0m https://registry.npmjs.org/ansi-styles
[0m[32mDownload[0m https://registry.npmjs.org/argparse
[0m[32mDownload[0m https://registry.npmjs.org/asap
[0m[32mDownload[0m https://registry.npmjs.org/asynckit
[0m[32mDownload[0m https://registry.npmjs.org/call-bind
[0m[32mDownload[0m https://registry.npmjs.org/call-me-maybe
[0m[32mDownload[0m https://registry.npmjs.org/camelcase
[0m[32mDownload[0m https://registry.npmjs.org/chalk
[0m[32mDownload[0m https://registry.npmjs.org/cliui
[0m[32mDownload[0m https://registry.npmjs.org/color-convert
[0m[32mDownload[0m https://registry.npmjs.org/color-name
[0m[32mDownload[0m https://registry.npmjs.org/combined-stream
[0m[32mDownload[0m https://registry.npmjs.org/component-emitter
[0m[32mDownload[0m https://registry.npmjs.org/cookiejar
[0m[32mDownload[0m https://registry.npmjs.org/debug
[0m[32mDownload[0m https://registry.npmjs.org/decamelize
[0m[32mDownload[0m https://registry.npmjs.org/define-data-property
[0m[32mDownload[0m https://registry.npmjs.org/delayed-stream
[0m[32mDownload[0m https://registry.npmjs.org/dezalgo
[0m[32mDownload[0m https://registry.npmjs.org/emoji-regex
[0m[32mDownload[0m https://registry.npmjs.org/es-define-property
[0m[32mDownload[0m https://registry.npmjs.org/es-errors
[0m[32mDownload[0m https://registry.npmjs.org/esprima
[0m[32mDownload[0m https://registry.npmjs.org/fast-deep-equal
[0m[32mDownload[0m https://registry.npmjs.org/fast-safe-stringify
[0m[32mDownload[0m https://registry.npmjs.org/fast-uri
[0m[32mDownload[0m https://registry.npmjs.org/find-up
[0m[32mDownload[0m https://registry.npmjs.org/form-data
[0m[32mDownload[0m https://registry.npmjs.org/formidable
[0m[32mDownload[0m https://registry.npmjs.org/function-bind
[0m[32mDownload[0m https://registry.npmjs.org/get-caller-file
[0m[32mDownload[0m https://registry.npmjs.org/get-intrinsic
[0m[32mDownload[0m https://registry.npmjs.org/gopd
[0m[32mDownload[0m https://registry.npmjs.org/has-flag
[0m[32mDownload[0m https://registry.npmjs.org/has-property-descriptors
[0m[32mDownload[0m https://registry.npmjs.org/has-proto
[0m[32mDownload[0m https://registry.npmjs.org/has-symbols
[0m[32mDownload[0m https://registry.npmjs.org/hasown
[0m[32mDownload[0m https://registry.npmjs.org/hexoid
[0m[32mDownload[0m https://registry.npmjs.org/is-fullwidth-code-point
[0m[32mDownload[0m https://registry.npmjs.org/js-yaml
[0m[32mDownload[0m https://registry.npmjs.org/json-schema-traverse
[0m[32mDownload[0m https://registry.npmjs.org/locate-path
[0m[32mDownload[0m https://registry.npmjs.org/methods
[0m[32mDownload[0m https://registry.npmjs.org/mime-db
[0m[32mDownload[0m https://registry.npmjs.org/mime-types
[0m[32mDownload[0m https://registry.npmjs.org/mime
[0m[32mDownload[0m https://registry.npmjs.org/ms
[0m[32mDownload[0m https://registry.npmjs.org/object-inspect
[0m[32mDownload[0m https://registry.npmjs.org/once
[0m[32mDownload[0m https://registry.npmjs.org/openapi-types
[0m[32mDownload[0m https://registry.npmjs.org/p-limit
[0m[32mDownload[0m https://registry.npmjs.org/p-locate
[0m[32mDownload[0m https://registry.npmjs.org/p-try
[0m[32mDownload[0m https://registry.npmjs.org/path-exists
[0m[32mDownload[0m https://registry.npmjs.org/path-to-regexp
[0m[32mDownload[0m https://registry.npmjs.org/qs
[0m[32mDownload[0m https://registry.npmjs.org/require-directory
[0m[32mDownload[0m https://registry.npmjs.org/require-from-string
[0m[32mDownload[0m https://registry.npmjs.org/require-main-filename
[0m[32mDownload[0m https://registry.npmjs.org/set-blocking
[0m[32mDownload[0m https://registry.npmjs.org/set-function-length
[0m[32mDownload[0m https://registry.npmjs.org/side-channel
[0m[32mDownload[0m https://registry.npmjs.org/sprintf-js
[0m[32mDownload[0m https://registry.npmjs.org/string-width
[0m[32mDownload[0m https://registry.npmjs.org/strip-ansi
[0m[32mDownload[0m https://registry.npmjs.org/superagent
[0m[32mDownload[0m https://registry.npmjs.org/supertest
[0m[32mDownload[0m https://registry.npmjs.org/supports-color
[0m[32mDownload[0m https://registry.npmjs.org/swagger-cli
[0m[32mDownload[0m https://registry.npmjs.org/undici-types
[0m[32mDownload[0m https://registry.npmjs.org/which-module
[0m[32mDownload[0m https://registry.npmjs.org/wrap-ansi
[0m[32mDownload[0m https://registry.npmjs.org/wrappy
[0m[32mDownload[0m https://registry.npmjs.org/y18n
[0m[32mDownload[0m https://registry.npmjs.org/yargs-parser
[0m[32mDownload[0m https://registry.npmjs.org/yargs
[0m[32mDownload[0m https://jsr.io/@std/testing/meta.json
[0m[32mDownload[0m https://jsr.io/@std/expect/meta.json
[0m[32mDownload[0m https://jsr.io/@cross/jwt/meta.json
[0m[32mDownload[0m https://jsr.io/@stdext/crypto/meta.json
[0m[32mDownload[0m https://jsr.io/@oak/oak/meta.json
[0m[32mDownload[0m https://deno.land/x/postgres@v0.19.3/mod.ts
[0m[32mDownload[0m https://jsr.io/@std/uuid/meta.json
[0m[32mDownload[0m https://jsr.io/@std/collections/meta.json
[0m[32mDownload[0m https://deno.land/x/postgres@v0.19.3/client.ts
[0m[32mDownload[0m https://deno.land/x/postgres@v0.19.3/client/error.ts
[0m[32mDownload[0m https://deno.land/x/postgres@v0.19.3/pool.ts
[0m[32mDownload[0m https://deno.land/x/postgres@v0.19.3/query/oid.ts
[0m[32mDownload[0m https://deno.land/x/postgres@v0.19.3/connection/connection_params.ts
[0m[32mDownload[0m https://deno.land/x/postgres@v0.19.3/connection/message.ts
[0m[32mDownload[0m https://deno.land/x/postgres@v0.19.3/query/query.ts
[0m[32mDownload[0m https://deno.land/x/postgres@v0.19.3/query/transaction.ts
[0m[32mDownload[0m https://deno.land/x/postgres@v0.19.3/connection/connection.ts
[0m[32mDownload[0m https://deno.land/x/postgres@v0.19.3/utils/utils.ts
[0m[32mDownload[0m https://deno.land/x/postgres@v0.19.3/utils/deferred.ts
[0m[32mDownload[0m https://deno.land/x/postgres@v0.19.3/deps.ts
[0m[32mDownload[0m https://deno.land/x/postgres@v0.19.3/debug.ts
[0m[32mDownload[0m https://deno.land/x/postgres@v0.19.3/query/array_parser.ts
[0m[32mDownload[0m https://deno.land/x/postgres@v0.19.3/query/decode.ts
[0m[32mDownload[0m https://deno.land/x/postgres@v0.19.3/connection/packet.ts
[0m[32mDownload[0m https://deno.land/x/postgres@v0.19.3/query/encode.ts
[0m[32mDownload[0m https://deno.land/x/postgres@v0.19.3/connection/scram.ts
[0m[32mDownload[0m https://deno.land/x/postgres@v0.19.3/connection/message_code.ts
[0m[32mDownload[0m https://deno.land/x/postgres@v0.19.3/connection/auth.ts
[0m[32mDownload[0m https://deno.land/std@0.214.0/encoding/base64.ts
[0m[32mDownload[0m https://deno.land/std@0.214.0/encoding/hex.ts
[0m[32mDownload[0m https://deno.land/std@0.214.0/datetime/parse.ts
[0m[32mDownload[0m https://deno.land/std@0.214.0/io/buf_reader.ts
[0m[32mDownload[0m https://deno.land/std@0.214.0/io/buf_writer.ts
[0m[32mDownload[0m https://deno.land/std@0.214.0/bytes/copy.ts
[0m[32mDownload[0m https://deno.land/std@0.214.0/crypto/crypto.ts
[0m[32mDownload[0m https://deno.land/std@0.214.0/async/delay.ts
[0m[32mDownload[0m https://deno.land/std@0.214.0/fmt/colors.ts
[0m[32mDownload[0m https://deno.land/std@0.214.0/path/mod.ts
[0m[32mDownload[0m https://deno.land/x/postgres@v0.19.3/query/decoders.ts
[0m[32mDownload[0m https://deno.land/std@0.214.0/encoding/_util.ts
[0m[32mDownload[0m https://deno.land/std@0.214.0/datetime/_common.ts
[0m[32mDownload[0m https://deno.land/std@0.214.0/assert/assert.ts
[0m[32mDownload[0m https://deno.land/std@0.214.0/io/types.ts
[0m[32mDownload[0m https://deno.land/std@0.214.0/crypto/_wasm/mod.ts
[0m[32mDownload[0m https://deno.land/std@0.214.0/crypto/_fnv/mod.ts
[0m[32mDownload[0m https://deno.land/std@0.214.0/path/windows/mod.ts
[0m[32mDownload[0m https://deno.land/std@0.214.0/path/posix/mod.ts
[0m[32mDownload[0m https://deno.land/std@0.214.0/path/constants.ts
[0m[32mDownload[0m https://deno.land/std@0.214.0/path/basename.ts
[0m[32mDownload[0m https://deno.land/std@0.214.0/path/dirname.ts
[0m[32mDownload[0m https://deno.land/std@0.214.0/path/extname.ts
[0m[32mDownload[0m https://deno.land/std@0.214.0/path/format.ts
[0m[32mDownload[0m https://deno.land/std@0.214.0/path/from_file_url.ts
[0m[32mDownload[0m https://deno.land/std@0.214.0/path/is_absolute.ts
[0m[32mDownload[0m https://deno.land/std@0.214.0/path/join.ts
[0m[32mDownload[0m https://deno.land/std@0.214.0/path/normalize.ts
[0m[32mDownload[0m https://deno.land/std@0.214.0/path/parse.ts
[0m[32mDownload[0m https://deno.land/std@0.214.0/path/relative.ts
[0m[32mDownload[0m https://deno.land/std@0.214.0/path/resolve.ts
[0m[32mDownload[0m https://deno.land/std@0.214.0/path/to_file_url.ts
[0m[32mDownload[0m https://deno.land/std@0.214.0/path/to_namespaced_path.ts
[0m[32mDownload[0m https://deno.land/std@0.214.0/path/common.ts
[0m[32mDownload[0m https://deno.land/std@0.214.0/path/separator.ts
[0m[32mDownload[0m https://deno.land/std@0.214.0/path/_interface.ts
[0m[32mDownload[0m https://deno.land/std@0.214.0/path/glob_to_regexp.ts
[0m[32mDownload[0m https://deno.land/std@0.214.0/path/is_glob.ts
[0m[32mDownload[0m https://deno.land/std@0.214.0/path/join_globs.ts
[0m[32mDownload[0m https://deno.land/std@0.214.0/path/normalize_glob.ts
[0m[32mDownload[0m https://deno.land/x/postgres@v0.19.3/query/types.ts
[0m[32mDownload[0m https://deno.land/std@0.214.0/assert/assertion_error.ts
[0m[32mDownload[0m https://deno.land/std@0.214.0/crypto/_wasm/lib/deno_std_wasm_crypto.generated.mjs
[0m[32mDownload[0m https://deno.land/std@0.214.0/crypto/_fnv/fnv32.ts
[0m[32mDownload[0m https://deno.land/std@0.214.0/crypto/_fnv/fnv64.ts
[0m[32mDownload[0m https://deno.land/std@0.214.0/path/windows/basename.ts
[0m[32mDownload[0m https://deno.land/std@0.214.0/path/windows/constants.ts
[0m[32mDownload[0m https://deno.land/std@0.214.0/path/windows/dirname.ts
[0m[32mDownload[0m https://deno.land/std@0.214.0/path/windows/extname.ts
[0m[32mDownload[0m https://deno.land/std@0.214.0/path/windows/format.ts
[0m[32mDownload[0m https://deno.land/std@0.214.0/path/windows/from_file_url.ts
[0m[32mDownload[0m https://deno.land/std@0.214.0/path/windows/is_absolute.ts
[0m[32mDownload[0m https://deno.land/std@0.214.0/path/windows/join.ts
[0m[32mDownload[0m https://deno.land/std@0.214.0/path/windows/normalize.ts
[0m[32mDownload[0m https://deno.land/std@0.214.0/path/windows/parse.ts
[0m[32mDownload[0m https://deno.land/std@0.214.0/path/windows/relative.ts
[0m[32mDownload[0m https://deno.land/std@0.214.0/path/windows/resolve.ts
[0m[32mDownload[0m https://deno.land/std@0.214.0/path/windows/to_file_url.ts
[0m[32mDownload[0m https://deno.land/std@0.214.0/path/windows/to_namespaced_path.ts
[0m[32mDownload[0m https://deno.land/std@0.214.0/path/windows/common.ts
[0m[32mDownload[0m https://deno.land/std@0.214.0/path/windows/separator.ts
[0m[32mDownload[0m https://deno.land/std@0.214.0/path/windows/glob_to_regexp.ts
[0m[32mDownload[0m https://deno.land/std@0.214.0/path/windows/is_glob.ts
[0m[32mDownload[0m https://deno.land/std@0.214.0/path/windows/join_globs.ts
[0m[32mDownload[0m https://deno.land/std@0.214.0/path/windows/normalize_glob.ts
[0m[32mDownload[0m https://deno.land/std@0.214.0/path/posix/basename.ts
[0m[32mDownload[0m https://deno.land/std@0.214.0/path/posix/constants.ts
[0m[32mDownload[0m https://deno.land/std@0.214.0/path/posix/dirname.ts
[0m[32mDownload[0m https://deno.land/std@0.214.0/path/posix/extname.ts
[0m[32mDownload[0m https://deno.land/std@0.214.0/path/posix/format.ts
[0m[32mDownload[0m https://deno.land/std@0.214.0/path/posix/from_file_url.ts
[0m[32mDownload[0m https://deno.land/std@0.214.0/path/posix/is_absolute.ts
[0m[32mDownload[0m https://deno.land/std@0.214.0/path/posix/join.ts
[0m[32mDownload[0m https://deno.land/std@0.214.0/path/posix/normalize.ts
[0m[32mDownload[0m https://deno.land/std@0.214.0/path/posix/parse.ts
[0m[32mDownload[0m https://deno.land/std@0.214.0/path/posix/relative.ts
[0m[32mDownload[0m https://deno.land/std@0.214.0/path/posix/resolve.ts
[0m[32mDownload[0m https://deno.land/std@0.214.0/path/posix/to_file_url.ts
[0m[32mDownload[0m https://deno.land/std@0.214.0/path/posix/to_namespaced_path.ts
[0m[32mDownload[0m https://deno.land/std@0.214.0/path/posix/common.ts
[0m[32mDownload[0m https://deno.land/std@0.214.0/path/posix/separator.ts
[0m[32mDownload[0m https://deno.land/std@0.214.0/path/posix/glob_to_regexp.ts
[0m[32mDownload[0m https://deno.land/std@0.214.0/path/posix/is_glob.ts
[0m[32mDownload[0m https://deno.land/std@0.214.0/path/posix/join_globs.ts
[0m[32mDownload[0m https://deno.land/std@0.214.0/path/posix/normalize_glob.ts
[0m[32mDownload[0m https://deno.land/std@0.214.0/path/_os.ts
[0m[32mDownload[0m https://deno.land/std@0.214.0/path/_common/common.ts
[0m[32mDownload[0m https://deno.land/std@0.214.0/path/_common/glob_to_reg_exp.ts
[0m[32mDownload[0m https://deno.land/std@0.214.0/crypto/_fnv/util.ts
[0m[32mDownload[0m https://deno.land/std@0.214.0/path/_common/basename.ts
[0m[32mDownload[0m https://deno.land/std@0.214.0/path/_common/constants.ts
[0m[32mDownload[0m https://deno.land/std@0.214.0/path/_common/strip_trailing_separators.ts
[0m[32mDownload[0m https://deno.land/std@0.214.0/path/windows/_util.ts
[0m[32mDownload[0m https://deno.land/std@0.214.0/path/_common/dirname.ts
[0m[32mDownload[0m https://deno.land/std@0.214.0/path/_common/assert_path.ts
[0m[32mDownload[0m https://deno.land/std@0.214.0/path/_common/format.ts
[0m[32mDownload[0m https://deno.land/std@0.214.0/path/_common/from_file_url.ts
[0m[32mDownload[0m https://deno.land/std@0.214.0/path/_common/normalize.ts
[0m[32mDownload[0m https://deno.land/std@0.214.0/path/_common/normalize_string.ts
[0m[32mDownload[0m https://deno.land/std@0.214.0/path/_common/relative.ts
[0m[32mDownload[0m https://deno.land/std@0.214.0/path/_common/to_file_url.ts
[0m[32mDownload[0m https://deno.land/std@0.214.0/path/posix/_util.ts
[0m[32mDownload[0m https://jsr.io/@std/testing/1.0.5_meta.json
[0m[32mDownload[0m https://jsr.io/@std/expect/1.0.8_meta.json
[0m[32mDownload[0m https://jsr.io/@cross/jwt/0.5.0_meta.json
[0m[32mDownload[0m https://jsr.io/@stdext/crypto/0.0.6_meta.json
[0m[32mDownload[0m https://jsr.io/@oak/oak/17.1.3_meta.json
[0m[32mDownload[0m https://jsr.io/@std/uuid/1.0.4_meta.json
[0m[32mDownload[0m https://jsr.io/@std/collections/1.0.9_meta.json
[0m[32mDownload[0m https://jsr.io/@std/internal/meta.json
[0m[32mDownload[0m https://jsr.io/@std/assert/meta.json
[0m[32mDownload[0m https://jsr.io/@cross/deepmerge/meta.json
[0m[32mDownload[0m https://jsr.io/@cross/fs/meta.json
[0m[32mDownload[0m https://jsr.io/@std/bytes/meta.json
[0m[32mDownload[0m https://jsr.io/@std/crypto/meta.json
[0m[32mDownload[0m https://jsr.io/@std/http/meta.json
[0m[32mDownload[0m https://jsr.io/@std/io/meta.json
[0m[32mDownload[0m https://jsr.io/@std/media-types/meta.json
[0m[32mDownload[0m https://jsr.io/@std/path/meta.json
[0m[32mDownload[0m https://jsr.io/@oak/commons/meta.json
[0m[32mDownload[0m https://jsr.io/@std/encoding/meta.json
[0m[32mDownload[0m https://jsr.io/@std/internal/1.0.5_meta.json
[0m[32mDownload[0m https://jsr.io/@std/assert/1.0.8_meta.json
[0m[32mDownload[0m https://jsr.io/@cross/deepmerge/1.0.0_meta.json
[0m[32mDownload[0m https://jsr.io/@cross/fs/0.1.11_meta.json
[0m[32mDownload[0m https://jsr.io/@std/bytes/1.0.4_meta.json
[0m[32mDownload[0m https://jsr.io/@std/crypto/1.0.3_meta.json
[0m[32mDownload[0m https://jsr.io/@std/http/1.0.11_meta.json
[0m[32mDownload[0m https://jsr.io/@std/io/0.224.9_meta.json
[0m[32mDownload[0m https://jsr.io/@std/media-types/1.1.0_meta.json
[0m[32mDownload[0m https://jsr.io/@std/path/1.0.8_meta.json
[0m[32mDownload[0m https://jsr.io/@oak/commons/1.0.0_meta.json
[0m[32mDownload[0m https://jsr.io/@std/encoding/0.224.3_meta.json
[0m[32mDownload[0m https://jsr.io/@std/encoding/1.0.5_meta.json
[0m[32mDownload[0m https://jsr.io/@std/testing/1.0.5/bdd.ts
[0m[32mDownload[0m https://jsr.io/@std/expect/1.0.8/mod.ts
[0m[32mDownload[0m https://jsr.io/@cross/jwt/0.5.0/mod.ts
[0m[32mDownload[0m https://jsr.io/@stdext/crypto/0.0.6/hash.ts
[0m[32mDownload[0m https://jsr.io/@oak/oak/17.1.3/mod.ts
[0m[32mDownload[0m https://jsr.io/@oak/oak/17.1.3/testing.ts
[0m[32mDownload[0m https://jsr.io/@std/uuid/1.0.4/mod.ts
[0m[32mDownload[0m https://jsr.io/@std/collections/1.0.9/mod.ts
[0m[32mDownload[0m https://jsr.io/@std/testing/1.0.5/_test_suite.ts
[0m[32mDownload[0m https://jsr.io/@std/expect/1.0.8/expect.ts
[0m[32mDownload[0m https://jsr.io/@std/expect/1.0.8/fn.ts
[0m[32mDownload[0m https://jsr.io/@cross/jwt/0.5.0/src/sign.ts
[0m[32mDownload[0m https://jsr.io/@cross/jwt/0.5.0/src/validate.ts
[0m[32mDownload[0m https://jsr.io/@cross/jwt/0.5.0/src/cryptokeys.ts
[0m[32mDownload[0m https://jsr.io/@cross/jwt/0.5.0/src/options.ts
[0m[32mDownload[0m https://jsr.io/@cross/jwt/0.5.0/src/standardclaims.ts
[0m[32mDownload[0m https://jsr.io/@stdext/crypto/0.0.6/hash/mod.ts
[0m[32mDownload[0m https://jsr.io/@oak/oak/17.1.3/application.ts
[0m[32mDownload[0m https://jsr.io/@oak/oak/17.1.3/body.ts
[0m[32mDownload[0m https://jsr.io/@oak/oak/17.1.3/context.ts
[0m[32mDownload[0m https://jsr.io/@oak/oak/17.1.3/http_server_native.ts
[0m[32mDownload[0m https://jsr.io/@oak/oak/17.1.3/http_server_native_request.ts
[0m[32mDownload[0m https://jsr.io/@oak/oak/17.1.3/middleware/etag.ts
[0m[32mDownload[0m https://jsr.io/@oak/oak/17.1.3/middleware/proxy.ts
[0m[32mDownload[0m https://jsr.io/@oak/oak/17.1.3/middleware/serve.ts
[0m[32mDownload[0m https://jsr.io/@oak/oak/17.1.3/middleware.ts
[0m[32mDownload[0m https://jsr.io/@oak/oak/17.1.3/request.ts
[0m[32mDownload[0m https://jsr.io/@oak/oak/17.1.3/response.ts
[0m[32mDownload[0m https://jsr.io/@oak/oak/17.1.3/router.ts
[0m[32mDownload[0m https://jsr.io/@oak/oak/17.1.3/send.ts
[0m[32mDownload[0m https://jsr.io/@oak/oak/17.1.3/types.ts
[0m[32mDownload[0m https://jsr.io/@oak/oak/17.1.3/deps.ts
[0m[32mDownload[0m https://jsr.io/@std/uuid/1.0.4/common.ts
[0m[32mDownload[0m https://jsr.io/@std/uuid/1.0.4/constants.ts
[0m[32mDownload[0m https://jsr.io/@std/uuid/1.0.4/v1.ts
[0m[32mDownload[0m https://jsr.io/@std/uuid/1.0.4/v3.ts
[0m[32mDownload[0m https://jsr.io/@std/uuid/1.0.4/v4.ts
[0m[32mDownload[0m https://jsr.io/@std/uuid/1.0.4/v5.ts
[0m[32mDownload[0m https://jsr.io/@std/collections/1.0.9/aggregate_groups.ts
[0m[32mDownload[0m https://jsr.io/@std/collections/1.0.9/associate_by.ts
[0m[32mDownload[0m https://jsr.io/@std/collections/1.0.9/associate_with.ts
[0m[32mDownload[0m https://jsr.io/@std/collections/1.0.9/chunk.ts
[0m[32mDownload[0m https://jsr.io/@std/collections/1.0.9/deep_merge.ts
[0m[32mDownload[0m https://jsr.io/@std/collections/1.0.9/distinct.ts
[0m[32mDownload[0m https://jsr.io/@std/collections/1.0.9/distinct_by.ts
[0m[32mDownload[0m https://jsr.io/@std/collections/1.0.9/drop_last_while.ts
[0m[32mDownload[0m https://jsr.io/@std/collections/1.0.9/drop_while.ts
[0m[32mDownload[0m https://jsr.io/@std/collections/1.0.9/filter_entries.ts
[0m[32mDownload[0m https://jsr.io/@std/collections/1.0.9/filter_keys.ts
[0m[32mDownload[0m https://jsr.io/@std/collections/1.0.9/filter_values.ts
[0m[32mDownload[0m https://jsr.io/@std/collections/1.0.9/find_single.ts
[0m[32mDownload[0m https://jsr.io/@std/collections/1.0.9/first_not_nullish_of.ts
[0m[32mDownload[0m https://jsr.io/@std/collections/1.0.9/includes_value.ts
[0m[32mDownload[0m https://jsr.io/@std/collections/1.0.9/intersect.ts
[0m[32mDownload[0m https://jsr.io/@std/collections/1.0.9/invert_by.ts
[0m[32mDownload[0m https://jsr.io/@std/collections/1.0.9/invert.ts
[0m[32mDownload[0m https://jsr.io/@std/collections/1.0.9/join_to_string.ts
[0m[32mDownload[0m https://jsr.io/@std/collections/1.0.9/map_entries.ts
[0m[32mDownload[0m https://jsr.io/@std/collections/1.0.9/map_keys.ts
[0m[32mDownload[0m https://jsr.io/@std/collections/1.0.9/map_not_nullish.ts
[0m[32mDownload[0m https://jsr.io/@std/collections/1.0.9/map_values.ts
[0m[32mDownload[0m https://jsr.io/@std/collections/1.0.9/max_by.ts
[0m[32mDownload[0m https://jsr.io/@std/collections/1.0.9/max_of.ts
[0m[32mDownload[0m https://jsr.io/@std/collections/1.0.9/max_with.ts
[0m[32mDownload[0m https://jsr.io/@std/collections/1.0.9/min_by.ts
[0m[32mDownload[0m https://jsr.io/@std/collections/1.0.9/min_of.ts
[0m[32mDownload[0m https://jsr.io/@std/collections/1.0.9/min_with.ts
[0m[32mDownload[0m https://jsr.io/@std/collections/1.0.9/omit.ts
[0m[32mDownload[0m https://jsr.io/@std/collections/1.0.9/partition.ts
[0m[32mDownload[0m https://jsr.io/@std/collections/1.0.9/partition_entries.ts
[0m[32mDownload[0m https://jsr.io/@std/collections/1.0.9/permutations.ts
[0m[32mDownload[0m https://jsr.io/@std/collections/1.0.9/pick.ts
[0m[32mDownload[0m https://jsr.io/@std/collections/1.0.9/reduce_groups.ts
[0m[32mDownload[0m https://jsr.io/@std/collections/1.0.9/running_reduce.ts
[0m[32mDownload[0m https://jsr.io/@std/collections/1.0.9/sample.ts
[0m[32mDownload[0m https://jsr.io/@std/collections/1.0.9/sliding_windows.ts
[0m[32mDownload[0m https://jsr.io/@std/collections/1.0.9/sort_by.ts
[0m[32mDownload[0m https://jsr.io/@std/collections/1.0.9/sum_of.ts
[0m[32mDownload[0m https://jsr.io/@std/collections/1.0.9/take_last_while.ts
[0m[32mDownload[0m https://jsr.io/@std/collections/1.0.9/take_while.ts
[0m[32mDownload[0m https://jsr.io/@std/collections/1.0.9/union.ts
[0m[32mDownload[0m https://jsr.io/@std/collections/1.0.9/unzip.ts
[0m[32mDownload[0m https://jsr.io/@std/collections/1.0.9/without_all.ts
[0m[32mDownload[0m https://jsr.io/@std/collections/1.0.9/zip.ts
[0m[32mDownload[0m https://jsr.io/@std/expect/1.0.8/_types.ts
[0m[32mDownload[0m https://jsr.io/@std/expect/1.0.8/_assertions.ts
[0m[32mDownload[0m https://jsr.io/@std/expect/1.0.8/_custom_equality_tester.ts
[0m[32mDownload[0m https://jsr.io/@std/expect/1.0.8/_equal.ts
[0m[32mDownload[0m https://jsr.io/@std/expect/1.0.8/_extend.ts
[0m[32mDownload[0m https://jsr.io/@std/expect/1.0.8/_matchers.ts
[0m[32mDownload[0m https://jsr.io/@std/expect/1.0.8/_serializer.ts
[0m[32mDownload[0m https://jsr.io/@std/expect/1.0.8/_utils.ts
[0m[32mDownload[0m https://jsr.io/@std/expect/1.0.8/_asymmetric_matchers.ts
[0m[32mDownload[0m https://jsr.io/@std/expect/1.0.8/_mock_util.ts
[0m[32mDownload[0m https://jsr.io/@cross/jwt/0.5.0/src/error.ts
[0m[32mDownload[0m https://jsr.io/@cross/jwt/0.5.0/src/utils.ts
[0m[32mDownload[0m https://jsr.io/@cross/jwt/0.5.0/src/encoding.ts
[0m[32mDownload[0m https://jsr.io/@cross/jwt/0.5.0/src/sign-verify/rsa.ts
[0m[32mDownload[0m https://jsr.io/@cross/jwt/0.5.0/src/sign-verify/hmac.ts
[0m[32mDownload[0m https://jsr.io/@cross/jwt/0.5.0/src/sign-verify/ecdsa.ts
[0m[32mDownload[0m https://jsr.io/@cross/jwt/0.5.0/src/sign-verify/rsapss.ts
[0m[32mDownload[0m https://jsr.io/@stdext/crypto/0.0.6/hash/argon2.ts
[0m[32mDownload[0m https://jsr.io/@stdext/crypto/0.0.6/hash/bcrypt.ts
[0m[32mDownload[0m https://jsr.io/@stdext/crypto/0.0.6/hash/scrypt.ts
[0m[32mDownload[0m https://jsr.io/@oak/oak/17.1.3/utils/clone_state.ts
[0m[32mDownload[0m https://jsr.io/@oak/oak/17.1.3/utils/create_promise_with_resolvers.ts
[0m[32mDownload[0m https://jsr.io/@oak/oak/17.1.3/utils/type_guards.ts
[0m[32mDownload[0m https://jsr.io/@oak/oak/17.1.3/utils/consts.ts
[0m[32mDownload[0m https://jsr.io/@oak/oak/17.1.3/utils/encode_url.ts
[0m[32mDownload[0m https://jsr.io/@oak/oak/17.1.3/utils/streams.ts
[0m[32mDownload[0m https://jsr.io/@oak/oak/17.1.3/utils/decode.ts
[0m[32mDownload[0m https://jsr.io/@oak/oak/17.1.3/utils/decode_component.ts
[0m[32mDownload[0m https://jsr.io/@oak/oak/17.1.3/utils/resolve_path.ts
[0m[32mDownload[0m https://jsr.io/@std/uuid/1.0.4/_common.ts
[0m[32mDownload[0m https://jsr.io/@std/collections/1.0.9/_utils.ts
[0m[32mDownload[0m https://jsr.io/@std/expect/1.0.8/_assert_equals.ts
[0m[32mDownload[0m https://jsr.io/@std/expect/1.0.8/_assert_not_equals.ts
[0m[32mDownload[0m https://jsr.io/@std/expect/1.0.8/_inspect_args.ts
[0m[32mDownload[0m https://jsr.io/@stdext/crypto/0.0.6/_wasm/crypto_hash_argon2.generated.mjs
[0m[32mDownload[0m https://jsr.io/@stdext/crypto/0.0.6/_wasm/crypto_hash_bcrypt.generated.mjs
[0m[32mDownload[0m https://jsr.io/@stdext/crypto/0.0.6/_wasm/crypto_hash_scrypt.generated.mjs
[0m[32mDownload[0m https://jsr.io/@oak/oak/17.1.3/node_shims.ts
[0m[32mDownload[0m https://jsr.io/@std/expect/1.0.8/_build_message.ts
[0m[32mDownload[0m https://jsr.io/@stdext/crypto/0.0.6/_wasm/crypto_hash_argon2.generated.d.mts
[0m[32mDownload[0m https://jsr.io/@stdext/crypto/0.0.6/_wasm/crypto_hash_bcrypt.generated.d.mts
[0m[32mDownload[0m https://jsr.io/@stdext/crypto/0.0.6/_wasm/crypto_hash_scrypt.generated.d.mts
[0m[32mDownload[0m https://jsr.io/@std/internal/1.0.5/assertion_state.ts
[0m[32mDownload[0m https://jsr.io/@std/assert/1.0.8/assertion_error.ts
[0m[32mDownload[0m https://jsr.io/@cross/deepmerge/1.0.0/mod.ts
[0m[32mDownload[0m https://jsr.io/@cross/fs/0.1.11/src/io/mod.ts
[0m[32mDownload[0m https://jsr.io/@std/assert/1.0.8/assert.ts
[0m[32mDownload[0m https://jsr.io/@std/bytes/1.0.4/concat.ts
[0m[32mDownload[0m https://jsr.io/@std/bytes/1.0.4/copy.ts
[0m[32mDownload[0m https://jsr.io/@std/crypto/1.0.3/timing_safe_equal.ts
[0m[32mDownload[0m https://jsr.io/@std/http/1.0.11/etag.ts
[0m[32mDownload[0m https://jsr.io/@std/http/1.0.11/negotiation.ts
[0m[32mDownload[0m https://jsr.io/@std/http/1.0.11/user_agent.ts
[0m[32mDownload[0m https://jsr.io/@std/io/0.224.9/limited_reader.ts
[0m[32mDownload[0m https://jsr.io/@std/io/0.224.9/read_all.ts
[0m[32mDownload[0m https://jsr.io/@std/media-types/1.1.0/content_type.ts
[0m[32mDownload[0m https://jsr.io/@std/media-types/1.1.0/type_by_extension.ts
[0m[32mDownload[0m https://jsr.io/@std/path/1.0.8/mod.ts
[0m[32mDownload[0m https://jsr.io/@oak/commons/1.0.0/cookie_map.ts
[0m[32mDownload[0m https://jsr.io/@oak/commons/1.0.0/form_data.ts
[0m[32mDownload[0m https://jsr.io/@oak/commons/1.0.0/forwarded.ts
[0m[32mDownload[0m https://jsr.io/@oak/commons/1.0.0/http_errors.ts
[0m[32mDownload[0m https://jsr.io/@oak/commons/1.0.0/keystack.ts
[0m[32mDownload[0m https://jsr.io/@oak/commons/1.0.0/media_types.ts
[0m[32mDownload[0m https://jsr.io/@oak/commons/1.0.0/method.ts
[0m[32mDownload[0m https://jsr.io/@oak/commons/1.0.0/range.ts
[0m[32mDownload[0m https://jsr.io/@oak/commons/1.0.0/server_sent_event.ts
[0m[32mDownload[0m https://jsr.io/@oak/commons/1.0.0/status.ts
[0m[32mDownload[0m https://jsr.io/@std/crypto/1.0.3/crypto.ts
[0m[32mDownload[0m https://jsr.io/@std/assert/1.0.8/not_strict_equals.ts
[0m[32mDownload[0m https://jsr.io/@std/assert/1.0.8/strict_equals.ts
[0m[32mDownload[0m https://jsr.io/@std/assert/1.0.8/instance_of.ts
[0m[32mDownload[0m https://jsr.io/@std/assert/1.0.8/is_error.ts
[0m[32mDownload[0m https://jsr.io/@std/assert/1.0.8/not_instance_of.ts
[0m[32mDownload[0m https://jsr.io/@std/assert/1.0.8/match.ts
[0m[32mDownload[0m https://jsr.io/@std/assert/1.0.8/not_match.ts
[0m[32mDownload[0m https://jsr.io/@std/internal/1.0.5/format.ts
[0m[32mDownload[0m https://jsr.io/@std/encoding/0.224.3/base64url.ts
[0m[32mDownload[0m https://jsr.io/@std/encoding/0.224.3/base64.ts
[0m[32mDownload[0m https://jsr.io/@std/internal/1.0.5/build_message.ts
[0m[32mDownload[0m https://jsr.io/@std/internal/1.0.5/diff.ts
[0m[32mDownload[0m https://jsr.io/@std/internal/1.0.5/diff_str.ts
[0m[32mDownload[0m https://jsr.io/@cross/deepmerge/1.0.0/src/deepmerge.ts
[0m[32mDownload[0m https://jsr.io/@cross/deepmerge/1.0.0/src/simplemerge.ts
[0m[32mDownload[0m https://jsr.io/@std/http/1.0.11/_negotiation/encoding.ts
[0m[32mDownload[0m https://jsr.io/@std/http/1.0.11/_negotiation/language.ts
[0m[32mDownload[0m https://jsr.io/@std/http/1.0.11/_negotiation/media_type.ts
[0m[32mDownload[0m https://jsr.io/@std/io/0.224.9/types.ts
[0m[32mDownload[0m https://jsr.io/@std/io/0.224.9/_constants.ts
[0m[32mDownload[0m https://jsr.io/@std/media-types/1.1.0/parse_media_type.ts
[0m[32mDownload[0m https://jsr.io/@std/media-types/1.1.0/get_charset.ts
[0m[32mDownload[0m https://jsr.io/@std/media-types/1.1.0/format_media_type.ts
[0m[32mDownload[0m https://jsr.io/@std/media-types/1.1.0/_db.ts
[0m[32mDownload[0m https://jsr.io/@std/path/1.0.8/basename.ts
[0m[32mDownload[0m https://jsr.io/@std/path/1.0.8/constants.ts
[0m[32mDownload[0m https://jsr.io/@std/path/1.0.8/dirname.ts
[0m[32mDownload[0m https://jsr.io/@std/path/1.0.8/extname.ts
[0m[32mDownload[0m https://jsr.io/@std/path/1.0.8/format.ts
[0m[32mDownload[0m https://jsr.io/@std/path/1.0.8/from_file_url.ts
[0m[32mDownload[0m https://jsr.io/@std/path/1.0.8/is_absolute.ts
[0m[32mDownload[0m https://jsr.io/@std/path/1.0.8/join.ts
[0m[32mDownload[0m https://jsr.io/@std/path/1.0.8/normalize.ts
[0m[32mDownload[0m https://jsr.io/@std/path/1.0.8/parse.ts
[0m[32mDownload[0m https://jsr.io/@std/path/1.0.8/relative.ts
[0m[32mDownload[0m https://jsr.io/@std/path/1.0.8/resolve.ts
[0m[32mDownload[0m https://jsr.io/@std/path/1.0.8/to_file_url.ts
[0m[32mDownload[0m https://jsr.io/@std/path/1.0.8/to_namespaced_path.ts
[0m[32mDownload[0m https://jsr.io/@std/path/1.0.8/common.ts
[0m[32mDownload[0m https://jsr.io/@std/path/1.0.8/types.ts
[0m[32mDownload[0m https://jsr.io/@std/path/1.0.8/glob_to_regexp.ts
[0m[32mDownload[0m https://jsr.io/@std/path/1.0.8/is_glob.ts
[0m[32mDownload[0m https://jsr.io/@std/path/1.0.8/join_globs.ts
[0m[32mDownload[0m https://jsr.io/@std/path/1.0.8/normalize_glob.ts
[0m[32mDownload[0m https://jsr.io/@oak/commons/1.0.0/header_utils.ts
[0m[32mDownload[0m https://jsr.io/@oak/commons/1.0.0/content_disposition.ts
[0m[32mDownload[0m https://jsr.io/@std/crypto/1.0.3/_wasm/mod.ts
[0m[32mDownload[0m https://jsr.io/@std/assert/1.0.8/false.ts
[0m[32mDownload[0m https://jsr.io/@std/encoding/0.224.3/_validate_binary_like.ts
[0m[32mDownload[0m https://jsr.io/@std/internal/1.0.5/styles.ts
[0m[32mDownload[0m https://jsr.io/@std/internal/1.0.5/types.ts
[0m[32mDownload[0m https://jsr.io/@std/http/1.0.11/_negotiation/common.ts
[0m[32mDownload[0m https://jsr.io/@std/media-types/1.1.0/_util.ts
[0m[32mDownload[0m https://jsr.io/@std/media-types/1.1.0/vendor/db.ts
[0m[32mDownload[0m https://jsr.io/@std/path/1.0.8/_os.ts
[0m[32mDownload[0m https://jsr.io/@std/path/1.0.8/posix/basename.ts
[0m[32mDownload[0m https://jsr.io/@std/path/1.0.8/windows/basename.ts
[0m[32mDownload[0m https://jsr.io/@std/path/1.0.8/posix/dirname.ts
[0m[32mDownload[0m https://jsr.io/@std/path/1.0.8/windows/dirname.ts
[0m[32mDownload[0m https://jsr.io/@std/path/1.0.8/posix/extname.ts
[0m[32mDownload[0m https://jsr.io/@std/path/1.0.8/windows/extname.ts
[0m[32mDownload[0m https://jsr.io/@std/path/1.0.8/posix/format.ts
[0m[32mDownload[0m https://jsr.io/@std/path/1.0.8/windows/format.ts
[0m[32mDownload[0m https://jsr.io/@std/path/1.0.8/posix/from_file_url.ts
[0m[32mDownload[0m https://jsr.io/@std/path/1.0.8/windows/from_file_url.ts
[0m[32mDownload[0m https://jsr.io/@std/path/1.0.8/posix/is_absolute.ts
[0m[32mDownload[0m https://jsr.io/@std/path/1.0.8/windows/is_absolute.ts
[0m[32mDownload[0m https://jsr.io/@std/path/1.0.8/posix/join.ts
[0m[32mDownload[0m https://jsr.io/@std/path/1.0.8/windows/join.ts
[0m[32mDownload[0m https://jsr.io/@std/path/1.0.8/posix/normalize.ts
[0m[32mDownload[0m https://jsr.io/@std/path/1.0.8/windows/normalize.ts
[0m[32mDownload[0m https://jsr.io/@std/path/1.0.8/posix/parse.ts
[0m[32mDownload[0m https://jsr.io/@std/path/1.0.8/windows/parse.ts
[0m[32mDownload[0m https://jsr.io/@std/path/1.0.8/posix/relative.ts
[0m[32mDownload[0m https://jsr.io/@std/path/1.0.8/windows/relative.ts
[0m[32mDownload[0m https://jsr.io/@std/path/1.0.8/posix/resolve.ts
[0m[32mDownload[0m https://jsr.io/@std/path/1.0.8/windows/resolve.ts
[0m[32mDownload[0m https://jsr.io/@std/path/1.0.8/posix/to_file_url.ts
[0m[32mDownload[0m https://jsr.io/@std/path/1.0.8/windows/to_file_url.ts
[0m[32mDownload[0m https://jsr.io/@std/path/1.0.8/posix/to_namespaced_path.ts
[0m[32mDownload[0m https://jsr.io/@std/path/1.0.8/windows/to_namespaced_path.ts
[0m[32mDownload[0m https://jsr.io/@std/path/1.0.8/_common/common.ts
[0m[32mDownload[0m https://jsr.io/@std/path/1.0.8/_common/glob_to_reg_exp.ts
[0m[32mDownload[0m https://jsr.io/@std/path/1.0.8/posix/glob_to_regexp.ts
[0m[32mDownload[0m https://jsr.io/@std/path/1.0.8/windows/glob_to_regexp.ts
[0m[32mDownload[0m https://jsr.io/@std/path/1.0.8/posix/join_globs.ts
[0m[32mDownload[0m https://jsr.io/@std/path/1.0.8/windows/join_globs.ts
[0m[32mDownload[0m https://jsr.io/@std/path/1.0.8/posix/normalize_glob.ts
[0m[32mDownload[0m https://jsr.io/@std/path/1.0.8/windows/normalize_glob.ts
[0m[32mDownload[0m https://jsr.io/@std/crypto/1.0.3/_wasm/lib/deno_std_wasm_crypto.generated.mjs
[0m[32mDownload[0m https://jsr.io/@std/path/1.0.8/_common/basename.ts
[0m[32mDownload[0m https://jsr.io/@std/path/1.0.8/_common/strip_trailing_separators.ts
[0m[32mDownload[0m https://jsr.io/@std/path/1.0.8/posix/_util.ts
[0m[32mDownload[0m https://jsr.io/@std/path/1.0.8/_common/constants.ts
[0m[32mDownload[0m https://jsr.io/@std/path/1.0.8/windows/_util.ts
[0m[32mDownload[0m https://jsr.io/@std/path/1.0.8/_common/dirname.ts
[0m[32mDownload[0m https://jsr.io/@std/path/1.0.8/_common/assert_path.ts
[0m[32mDownload[0m https://jsr.io/@std/path/1.0.8/_common/format.ts
[0m[32mDownload[0m https://jsr.io/@std/path/1.0.8/_common/from_file_url.ts
[0m[32mDownload[0m https://jsr.io/@std/path/1.0.8/_common/normalize.ts
[0m[32mDownload[0m https://jsr.io/@std/path/1.0.8/_common/normalize_string.ts
[0m[32mDownload[0m https://jsr.io/@std/path/1.0.8/_common/relative.ts
[0m[32mDownload[0m https://jsr.io/@std/path/1.0.8/_common/to_file_url.ts
[0m[32mDownload[0m https://jsr.io/@std/path/1.0.8/posix/constants.ts
[0m[32mDownload[0m https://jsr.io/@std/path/1.0.8/windows/constants.ts
[0m[32mDownload[0m https://jsr.io/@std/crypto/1.0.3/_wasm/lib/deno_std_wasm_crypto.generated.d.mts
[0m[32mDownload[0m https://jsr.io/@std/encoding/1.0.5/base64.ts
[0m[32mDownload[0m https://jsr.io/@std/encoding/1.0.5/base64url.ts
[0m[32mDownload[0m https://jsr.io/@std/encoding/1.0.5/_validate_binary_like.ts
[0m[32mDownload[0m https://jsr.io/@oak/oak/17.1.3/http_server_bun.ts
[0m[32mDownload[0m https://jsr.io/@oak/oak/17.1.3/http_server_node.ts
[0m[32mDownload[0m https://registry.npmjs.org/supertest/-/supertest-7.0.0.tgz
[0m[32mDownload[0m https://registry.npmjs.org/swagger-cli/-/swagger-cli-4.0.4.tgz
[0m[32mDownload[0m https://registry.npmjs.org/path-to-regexp/-/path-to-regexp-6.2.1.tgz
[0m[32mDownload[0m https://registry.npmjs.org/@types/supertest/-/supertest-6.0.2.tgz
[0m[32mDownload[0m https://registry.npmjs.org/methods/-/methods-1.1.2.tgz
[0m[32mDownload[0m https://registry.npmjs.org/superagent/-/superagent-9.0.2.tgz
[0m[32mDownload[0m https://registry.npmjs.org/@apidevtools/swagger-cli/-/swagger-cli-4.0.4.tgz
[0m[32mDownload[0m https://registry.npmjs.org/@types/superagent/-/superagent-8.1.9.tgz
[0m[32mDownload[0m https://registry.npmjs.org/@types/methods/-/methods-1.1.4.tgz
[0m[32mDownload[0m https://registry.npmjs.org/form-data/-/form-data-4.0.1.tgz
[0m[32mDownload[0m https://registry.npmjs.org/cookiejar/-/cookiejar-2.1.4.tgz
[0m[32mDownload[0m https://registry.npmjs.org/component-emitter/-/component-emitter-1.3.1.tgz
[0m[32mDownload[0m https://registry.npmjs.org/debug/-/debug-4.3.7.tgz
[0m[32mDownload[0m https://registry.npmjs.org/qs/-/qs-6.13.1.tgz
[0m[32mDownload[0m https://registry.npmjs.org/mime/-/mime-2.6.0.tgz
[0m[32mDownload[0m https://registry.npmjs.org/fast-safe-stringify/-/fast-safe-stringify-2.1.1.tgz
[0m[32mDownload[0m https://registry.npmjs.org/formidable/-/formidable-3.5.2.tgz
[0m[32mDownload[0m https://registry.npmjs.org/chalk/-/chalk-4.1.2.tgz
[0m[32mDownload[0m https://registry.npmjs.org/@apidevtools/swagger-parser/-/swagger-parser-10.1.0.tgz
[0m[32mDownload[0m https://registry.npmjs.org/js-yaml/-/js-yaml-3.14.1.tgz
[0m[32mDownload[0m https://registry.npmjs.org/yargs/-/yargs-15.4.1.tgz
[0m[32mDownload[0m https://registry.npmjs.org/@types/cookiejar/-/cookiejar-2.1.5.tgz
[0m[32mDownload[0m https://registry.npmjs.org/@types/node/-/node-22.5.4.tgz
[0m[32mDownload[0m https://registry.npmjs.org/asynckit/-/asynckit-0.4.0.tgz
[0m[32mDownload[0m https://registry.npmjs.org/combined-stream/-/combined-stream-1.0.8.tgz
[0m[32mDownload[0m https://registry.npmjs.org/mime-types/-/mime-types-2.1.35.tgz
[0m[32mDownload[0m https://registry.npmjs.org/ms/-/ms-2.1.3.tgz
[0m[32mDownload[0m https://registry.npmjs.org/side-channel/-/side-channel-1.0.6.tgz
[0m[32mDownload[0m https://registry.npmjs.org/hexoid/-/hexoid-2.0.0.tgz
[0m[32mDownload[0m https://registry.npmjs.org/dezalgo/-/dezalgo-1.0.4.tgz
[0m[32mDownload[0m https://registry.npmjs.org/once/-/once-1.4.0.tgz
[0m[32mDownload[0m https://registry.npmjs.org/ansi-styles/-/ansi-styles-4.3.0.tgz
[0m[32mDownload[0m https://registry.npmjs.org/supports-color/-/supports-color-7.2.0.tgz
[0m[32mDownload[0m https://registry.npmjs.org/@jsdevtools/ono/-/ono-7.1.3.tgz
[0m[32mDownload[0m https://registry.npmjs.org/@apidevtools/openapi-schemas/-/openapi-schemas-2.1.0.tgz
[0m[32mDownload[0m https://registry.npmjs.org/@apidevtools/swagger-methods/-/swagger-methods-3.0.2.tgz
[0m[32mDownload[0m https://registry.npmjs.org/@apidevtools/json-schema-ref-parser/-/json-schema-ref-parser-9.0.6.tgz
[0m[32mDownload[0m https://registry.npmjs.org/ajv/-/ajv-8.17.1.tgz
[0m[32mDownload[0m https://registry.npmjs.org/openapi-types/-/openapi-types-12.1.3.tgz
[0m[32mDownload[0m https://registry.npmjs.org/ajv-draft-04/-/ajv-draft-04-1.0.0.tgz
[0m[32mDownload[0m https://registry.npmjs.org/call-me-maybe/-/call-me-maybe-1.0.2.tgz
[0m[32mDownload[0m https://registry.npmjs.org/argparse/-/argparse-1.0.10.tgz
[0m[32mDownload[0m https://registry.npmjs.org/esprima/-/esprima-4.0.1.tgz
[0m[32mDownload[0m https://registry.npmjs.org/require-main-filename/-/require-main-filename-2.0.0.tgz
[0m[32mDownload[0m https://registry.npmjs.org/yargs-parser/-/yargs-parser-18.1.3.tgz
[0m[32mDownload[0m https://registry.npmjs.org/get-caller-file/-/get-caller-file-2.0.5.tgz
[0m[32mDownload[0m https://registry.npmjs.org/cliui/-/cliui-6.0.0.tgz
[0m[32mDownload[0m https://registry.npmjs.org/find-up/-/find-up-4.1.0.tgz
[0m[32mDownload[0m https://registry.npmjs.org/require-directory/-/require-directory-2.1.1.tgz
[0m[32mDownload[0m https://registry.npmjs.org/string-width/-/string-width-4.2.3.tgz
[0m[32mDownload[0m https://registry.npmjs.org/which-module/-/which-module-2.0.1.tgz
[0m[32mDownload[0m https://registry.npmjs.org/y18n/-/y18n-4.0.3.tgz
[0m[32mDownload[0m https://registry.npmjs.org/decamelize/-/decamelize-1.2.0.tgz
[0m[32mDownload[0m https://registry.npmjs.org/set-blocking/-/set-blocking-2.0.0.tgz
[0m[32mDownload[0m https://registry.npmjs.org/undici-types/-/undici-types-6.19.8.tgz
[0m[32mDownload[0m https://registry.npmjs.org/delayed-stream/-/delayed-stream-1.0.0.tgz
[0m[32mDownload[0m https://registry.npmjs.org/mime-db/-/mime-db-1.52.0.tgz
[0m[32mDownload[0m https://registry.npmjs.org/object-inspect/-/object-inspect-1.13.3.tgz
[0m[32mDownload[0m https://registry.npmjs.org/es-errors/-/es-errors-1.3.0.tgz
[0m[32mDownload[0m https://registry.npmjs.org/call-bind/-/call-bind-1.0.7.tgz
[0m[32mDownload[0m https://registry.npmjs.org/get-intrinsic/-/get-intrinsic-1.2.4.tgz
[0m[32mDownload[0m https://registry.npmjs.org/asap/-/asap-2.0.6.tgz
[0m[32mDownload[0m https://registry.npmjs.org/wrappy/-/wrappy-1.0.2.tgz
[0m[32mDownload[0m https://registry.npmjs.org/color-convert/-/color-convert-2.0.1.tgz
[0m[32mDownload[0m https://registry.npmjs.org/has-flag/-/has-flag-4.0.0.tgz
[0m[32mDownload[0m https://registry.npmjs.org/require-from-string/-/require-from-string-2.0.2.tgz
[0m[32mDownload[0m https://registry.npmjs.org/json-schema-traverse/-/json-schema-traverse-1.0.0.tgz
[0m[32mDownload[0m https://registry.npmjs.org/fast-deep-equal/-/fast-deep-equal-3.1.3.tgz
[0m[32mDownload[0m https://registry.npmjs.org/fast-uri/-/fast-uri-3.0.3.tgz
[0m[32mDownload[0m https://registry.npmjs.org/sprintf-js/-/sprintf-js-1.0.3.tgz
[0m[32mDownload[0m https://registry.npmjs.org/camelcase/-/camelcase-5.3.1.tgz
[0m[32mDownload[0m https://registry.npmjs.org/strip-ansi/-/strip-ansi-6.0.1.tgz
[0m[32mDownload[0m https://registry.npmjs.org/wrap-ansi/-/wrap-ansi-6.2.0.tgz
[0m[32mDownload[0m https://registry.npmjs.org/locate-path/-/locate-path-5.0.0.tgz
[0m[32mDownload[0m https://registry.npmjs.org/path-exists/-/path-exists-4.0.0.tgz
[0m[32mDownload[0m https://registry.npmjs.org/is-fullwidth-code-point/-/is-fullwidth-code-point-3.0.0.tgz
[0m[32mDownload[0m https://registry.npmjs.org/emoji-regex/-/emoji-regex-8.0.0.tgz
[0m[32mDownload[0m https://registry.npmjs.org/function-bind/-/function-bind-1.1.2.tgz
[0m[32mDownload[0m https://registry.npmjs.org/es-define-property/-/es-define-property-1.0.0.tgz
[0m[32mDownload[0m https://registry.npmjs.org/set-function-length/-/set-function-length-1.2.2.tgz
[0m[32mDownload[0m https://registry.npmjs.org/hasown/-/hasown-2.0.2.tgz
[0m[32mDownload[0m https://registry.npmjs.org/has-proto/-/has-proto-1.0.3.tgz
[0m[32mDownload[0m https://registry.npmjs.org/has-symbols/-/has-symbols-1.0.3.tgz
[0m[32mDownload[0m https://registry.npmjs.org/color-name/-/color-name-1.1.4.tgz
[0m[32mDownload[0m https://registry.npmjs.org/ansi-regex/-/ansi-regex-5.0.1.tgz
[0m[32mDownload[0m https://registry.npmjs.org/p-locate/-/p-locate-4.1.0.tgz
[0m[32mDownload[0m https://registry.npmjs.org/gopd/-/gopd-1.0.1.tgz
[0m[32mDownload[0m https://registry.npmjs.org/define-data-property/-/define-data-property-1.1.4.tgz
[0m[32mDownload[0m https://registry.npmjs.org/has-property-descriptors/-/has-property-descriptors-1.0.2.tgz
[0m[32mDownload[0m https://registry.npmjs.org/p-limit/-/p-limit-2.3.0.tgz
[0m[32mDownload[0m https://registry.npmjs.org/p-try/-/p-try-2.2.0.tgz
[0m[32mCheck[0m file:///app/DB.test.ts
[0m[32mCheck[0m file:///app/collections/accounts/controller.test.ts
[0m[32mCheck[0m file:///app/collections/accounts/repository.test.ts
[0m[32mCheck[0m file:///app/collections/auth/providers/router.test.ts
[0m[32mCheck[0m file:///app/collections/auth/router.test.ts
[0m[32mCheck[0m file:///app/collections/auth/tokens/controller.test.ts
[0m[32mCheck[0m file:///app/collections/auth/tokens/repository.test.ts
[0m[32mCheck[0m file:///app/collections/auth/tokens/router.test.ts
[0m[32mCheck[0m file:///app/collections/base/resource.test.ts
[0m[32mCheck[0m file:///app/collections/base/router.test.ts
[0m[32mCheck[0m file:///app/collections/users/controller.test.ts
[0m[32mCheck[0m file:///app/collections/users/repository.test.ts
[0m[32mCheck[0m file:///app/collections/users/router.test.ts
[0m[32mCheck[0m file:///app/middlewares/add-user.test.ts
[0m[32mCheck[0m file:///app/middlewares/jsonapi/accept.test.ts
[0m[32mCheck[0m file:///app/middlewares/jsonapi/content-type.test.ts
[0m[32mCheck[0m file:///app/middlewares/require/body/token-creation.test.ts
[0m[32mCheck[0m file:///app/middlewares/require/user.test.ts
[0m[32mCheck[0m file:///app/types/token-creation.test.ts
[0m[32mCheck[0m file:///app/utils/add-pagination-links.test.ts
[0m[32mCheck[0m file:///app/utils/add-to-query.test.ts
[0m[32mCheck[0m file:///app/utils/auth/verify-discord.test.ts
[0m[32mCheck[0m file:///app/utils/auth/verify-google.test.ts
[0m[32mCheck[0m file:///app/utils/auth/verify-oauth.test.ts
[0m[32mCheck[0m file:///app/utils/get-env-number.test.ts
[0m[32mCheck[0m file:///app/utils/get-jsonapi.test.ts
[0m[32mCheck[0m file:///app/utils/get-jwt-secret.test.ts
[0m[32mCheck[0m file:///app/utils/get-pagination-queries.test.ts
[0m[32mCheck[0m file:///app/utils/get-prefix.test.ts
[0m[32mCheck[0m file:///app/utils/get-refresh-expiration.test.ts
[0m[32mCheck[0m file:///app/utils/get-root.test.ts
[0m[32mCheck[0m file:///app/utils/get-token-expiration.test.ts
[0m[32mCheck[0m file:///app/utils/is-valid-media-type.test.ts
[0m[32mCheck[0m file:///app/utils/responses/send-400.test.ts
[0m[32mCheck[0m file:///app/utils/responses/send-401.test.ts
[0m[32mCheck[0m file:///app/utils/responses/send-404.test.ts
[0m[32mCheck[0m file:///app/utils/responses/send-406.test.ts
[0m[32mCheck[0m file:///app/utils/responses/send-415.test.ts
[0m[32mCheck[0m file:///app/utils/responses/send-500.test.ts
[0m[32mCheck[0m file:///app/utils/responses/send-http-error.test.ts
[0m[32mCheck[0m file:///app/utils/responses/send-json.test.ts
[0m[32mCheck[0m file:///app/utils/transformers/account-to-provider-resource.test.ts
[0m[32mCheck[0m file:///app/utils/transformers/auth-token-record-to-auth-token.test.ts
[0m[32mCheck[0m file:///app/utils/transformers/auth-token-to-auth-token-record.test.ts
[0m[32mCheck[0m file:///app/utils/transformers/auth-token-to-jwt.test.ts
[0m[32mCheck[0m file:///app/utils/transformers/auth-token-to-response.test.ts
[0m[32mCheck[0m file:///app/utils/transformers/interval-to-ms.test.ts
[0m[32mCheck[0m file:///app/utils/transformers/jwt-to-auth-token-record.test.ts
[0m[32mCheck[0m file:///app/utils/transformers/provider-resources-to-response.test.ts
[0m[32mCheck[0m file:///app/utils/transformers/readable-stream-to-object.test.ts
[0m[32mCheck[0m file:///app/utils/transformers/readable-stream-to-string.test.ts
[0m[32mCheck[0m file:///app/utils/transformers/string-to-readable-stream.test.ts
[0m[32mCheck[0m file:///app/utils/transformers/url-to-user-fields.test.ts
[0m[32mCheck[0m file:///app/utils/transformers/user-provider-id-to-account.test.ts
[0m[32mCheck[0m file:///app/utils/transformers/user-to-auth-token-record.test.ts
[0m[32mCheck[0m file:///app/utils/transformers/user-to-link.test.ts
[0m[32mCheck[0m file:///app/utils/transformers/user-to-user-attributes.test.ts
[0m[32mCheck[0m file:///app/utils/transformers/user-to-user-resource.test.ts
[0m[32mCheck[0m file:///app/utils/transformers/user-to-user-response.test.ts
[0m[32mCheck[0m file:///app/utils/transformers/users-to-user-page-response.test.ts
[0m[38;5;245mrunning 1 test from ./DB.test.ts[0m
DB ...
  get ...
    returns null if no such record exists ... [0m[32mok[0m [0m[38;5;245m(14ms)[0m
    returns the record  ... [0m[32mok[0m [0m[38;5;245m(4ms)[0m
  get ... [0m[32mok[0m [0m[38;5;245m(19ms)[0m
  list ...
    returns an empty list if there are no records ... [0m[32mok[0m [0m[38;5;245m(4ms)[0m
    returns all existing records ... [0m[32mok[0m [0m[38;5;245m(4ms)[0m
    can add a where clause ... [0m[32mok[0m [0m[38;5;245m(4ms)[0m
    paginates results ... [0m[32mok[0m [0m[38;5;245m(4ms)[0m
  list ... [0m[32mok[0m [0m[38;5;245m(17ms)[0m
DB ... [0m[32mok[0m [0m[38;5;245m(37ms)[0m
[0m[38;5;245mrunning 1 test from ./collections/accounts/controller.test.ts[0m
AccountController ...
  list ...
    returns undefined if no user can be found ... [0m[32mok[0m [0m[38;5;245m(15ms)[0m
    returns a list of providers ... [0m[32mok[0m [0m[38;5;245m(6ms)[0m
  list ... [0m[32mok[0m [0m[38;5;245m(21ms)[0m
  get ...
    returns undefined if no user can be found ... [0m[32mok[0m [0m[38;5;245m(4ms)[0m
    returns a provider ... [0m[32mok[0m [0m[38;5;245m(4ms)[0m
  get ... [0m[32mok[0m [0m[38;5;245m(8ms)[0m
  create ...
    returns null if no such user exists ... [0m[32mok[0m [0m[38;5;245m(3ms)[0m
    returns a provider if given a valid token for an existing account ... [0m[32mok[0m [0m[38;5;245m(105ms)[0m
    returns null if given an invalid GitHub ID token ... [0m[32mok[0m [0m[38;5;245m(101ms)[0m
    returns a provider if given a valid GitHub ID token ... [0m[32mok[0m [0m[38;5;245m(57ms)[0m
    returns a provider if given a valid GitHub ID token for an existing account ... [0m[32mok[0m [0m[38;5;245m(95ms)[0m
    returns null if given an invalid Discord ID token ... [0m[32mok[0m [0m[38;5;245m(161ms)[0m
    returns a provider if given a valid Discord ID token ... [0m[32mok[0m [0m[38;5;245m(97ms)[0m
    returns a provider if given a valid Discord ID token for an existing account ... [0m[32mok[0m [0m[38;5;245m(143ms)[0m
  create ... [0m[32mok[0m [0m[38;5;245m(768ms)[0m
  delete ...
    returns false if no such user exists ... [0m[32mok[0m [0m[38;5;245m(7ms)[0m
    returns false if no such account exists ... [0m[32mok[0m [0m[38;5;245m(7ms)[0m
    deletes account ... [0m[32mok[0m [0m[38;5;245m(6ms)[0m
  delete ... [0m[32mok[0m [0m[38;5;245m(22ms)[0m
AccountController ... [0m[32mok[0m [0m[38;5;245m(821ms)[0m
[0m[38;5;245mrunning 1 test from ./collections/accounts/repository.test.ts[0m
AccountRepository ...
  save ...
    can create a new account ... [0m[32mok[0m [0m[38;5;245m(15ms)[0m
    won't create the same account twice ... [0m[32mok[0m [0m[38;5;245m(5ms)[0m
  save ... [0m[32mok[0m [0m[38;5;245m(20ms)[0m
  get ...
    returns null if given an invalid UUID ... [0m[32mok[0m [0m[38;5;245m(4ms)[0m
    returns null if nothing matches ... [0m[32mok[0m [0m[38;5;245m(4ms)[0m
    returns a single record based on ID ... [0m[32mok[0m [0m[38;5;245m(4ms)[0m
  get ... [0m[32mok[0m [0m[38;5;245m(13ms)[0m
  getByUIDAndProvider ...
    returns null if given an invalid UUID ... [0m[32mok[0m [0m[38;5;245m(4ms)[0m
    returns null if given a user ID that does not exist ... [0m[32mok[0m [0m[38;5;245m(4ms)[0m
    returns null if no such account exists ... [0m[32mok[0m [0m[38;5;245m(4ms)[0m
    returns a single record based on ID ... [0m[32mok[0m [0m[38;5;245m(4ms)[0m
  getByUIDAndProvider ... [0m[32mok[0m [0m[38;5;245m(16ms)[0m
  getByProviderAndProviderID ...
    returns null if given an invalid provider/ID combination ... [0m[32mok[0m [0m[38;5;245m(3ms)[0m
    returns a single record based on provider and ID ... [0m[32mok[0m [0m[38;5;245m(4ms)[0m
  getByProviderAndProviderID ... [0m[32mok[0m [0m[38;5;245m(7ms)[0m
  list ...
    returns all existing records ... [0m[32mok[0m [0m[38;5;245m(4ms)[0m
    paginates results ... [0m[32mok[0m [0m[38;5;245m(5ms)[0m
  list ... [0m[32mok[0m [0m[38;5;245m(9ms)[0m
  listProviders ...
    returns an empty array if given an invalid UUID ... [0m[32mok[0m [0m[38;5;245m(4ms)[0m
    returns an empty array if given a user ID that does not exist ... [0m[32mok[0m [0m[38;5;245m(4ms)[0m
    returns an array of providers ... [0m[32mok[0m [0m[38;5;245m(4ms)[0m
  listProviders ... [0m[32mok[0m [0m[38;5;245m(12ms)[0m
AccountRepository ... [0m[32mok[0m [0m[38;5;245m(80ms)[0m
[0m[38;5;245mrunning 1 test from ./collections/auth/providers/router.test.ts[0m
/auth/providers ...
  Collection [/auth/providers] ...
    GET ...
      returns a list of supported OAuth 2.0 providers ... [0m[32mok[0m [0m[38;5;245m(7ms)[0m
    GET ... [0m[32mok[0m [0m[38;5;245m(8ms)[0m
  Collection [/auth/providers] ... [0m[32mok[0m [0m[38;5;245m(8ms)[0m
/auth/providers ... [0m[32mok[0m [0m[38;5;245m(8ms)[0m
[0m[38;5;245mrunning 1 test from ./collections/auth/router.test.ts[0m
/auth ...
  Collection [/auth] ...
    GET ...
      returns a directory of available endpoints ... [0m[32mok[0m [0m[38;5;245m(5ms)[0m
    GET ... [0m[32mok[0m [0m[38;5;245m(6ms)[0m
  Collection [/auth] ... [0m[32mok[0m [0m[38;5;245m(6ms)[0m
/auth ... [0m[32mok[0m [0m[38;5;245m(7ms)[0m
[0m[38;5;245mrunning 1 test from ./collections/auth/tokens/controller.test.ts[0m
AuthTokenController ...
  create ...
    returns null if not given a valid Google ID token ... [0m[32mok[0m [0m[38;5;245m(104ms)[0m
    returns a new user and a token if given a valid Google ID token ... [0m[32mok[0m [0m[38;5;245m(87ms)[0m
    returns a new token if given a valid Google ID token for an existing account ... [0m[32mok[0m [0m[38;5;245m(133ms)[0m
    returns null if not given a valid Discord ID token ... [0m[32mok[0m [0m[38;5;245m(166ms)[0m
    returns a new user and a token if given a valid Discord access token ... [0m[32mok[0m [0m[38;5;245m(156ms)[0m
    returns a new token if given a valid Discord ID token for an existing account ... [0m[32mok[0m [0m[38;5;245m(265ms)[0m
    returns null if not given a valid GitHub ID token ... [0m[32mok[0m [0m[38;5;245m(146ms)[0m
    returns a new user and a token if given a valid GITHUB access token ... [0m[32mok[0m [0m[38;5;245m(118ms)[0m
    returns a new token if given a valid GitHub ID token for an existing account ... [0m[32mok[0m [0m[38;5;245m(199ms)[0m
  create ... [0m[32mok[0m [0m[38;5;245m(1s)[0m
  refresh ...
    returns null if given an invalid token ... [0m[32mok[0m [0m[38;5;245m(3ms)[0m
    returns null if the refresh expiration has expired ... [0m[32mok[0m [0m[38;5;245m(41ms)[0m
    refreshes the token ... [0m[32mok[0m [0m[38;5;245m(117ms)[0m
  refresh ... [0m[32mok[0m [0m[38;5;245m(161ms)[0m
AuthTokenController ... [0m[32mok[0m [0m[38;5;245m(1s)[0m
[0m[38;5;245mrunning 1 test from ./collections/auth/tokens/repository.test.ts[0m
AuthTokenRepository ...
  save ...
    can create a new token ... [0m[32mok[0m [0m[38;5;245m(15ms)[0m
  save ... [0m[32mok[0m [0m[38;5;245m(15ms)[0m
  get ...
    returns null if given an invalid UUID ... [0m[32mok[0m [0m[38;5;245m(4ms)[0m
    returns null if nothing matches ... [0m[32mok[0m [0m[38;5;245m(3ms)[0m
    returns a single record based on ID ... [0m[32mok[0m [0m[38;5;245m(4ms)[0m
  get ... [0m[32mok[0m [0m[38;5;245m(12ms)[0m
  exchange ...
    does nothing if not given a valid hash of the refresh token ... [0m[32mok[0m [0m[38;5;245m(5ms)[0m
    creates a new token ... [0m[32mok[0m [0m[38;5;245m(80ms)[0m
    does nothing if refresh has expired ... [0m[32mok[0m [0m[38;5;245m(3ms)[0m
  exchange ... [0m[32mok[0m [0m[38;5;245m(91ms)[0m
  list ...
    returns an empty list if there are no records ... [0m[32mok[0m [0m[38;5;245m(3ms)[0m
    returns all existing records ... [0m[32mok[0m [0m[38;5;245m(3ms)[0m
    paginates results ... [0m[32mok[0m [0m[38;5;245m(4ms)[0m
  list ... [0m[32mok[0m [0m[38;5;245m(12ms)[0m
  listByUserID ...
    lists records with given user ID ... [0m[32mok[0m [0m[38;5;245m(4ms)[0m
  listByUserID ... [0m[32mok[0m [0m[38;5;245m(4ms)[0m
AuthTokenRepository ... [0m[32mok[0m [0m[38;5;245m(135ms)[0m
[0m[38;5;245mrunning 1 test from ./collections/auth/tokens/router.test.ts[0m
/auth/tokens ...
  Collection [/auth/tokens] ...
    POST ...
      returns 400 if given a bad token ... [0m[32mok[0m [0m[38;5;245m(6ms)[0m
    POST ... [0m[32mok[0m [0m[38;5;245m(6ms)[0m
  Collection [/auth/tokens] ... [0m[32mok[0m [0m[38;5;245m(7ms)[0m
/auth/tokens ... [0m[32mok[0m [0m[38;5;245m(7ms)[0m
[0m[38;5;245mrunning 1 test from ./collections/base/resource.test.ts[0m
RootResource methods ...
  getEndpoints ...
    creates a link object with endpoints ... [0m[32mok[0m [0m[38;5;245m(1ms)[0m
  getEndpoints ... [0m[32mok[0m [0m[38;5;245m(1ms)[0m
RootResource methods ... [0m[32mok[0m [0m[38;5;245m(1ms)[0m
[0m[38;5;245mrunning 1 test from ./collections/base/router.test.ts[0m
/ ...
  Root [/] ...
    GET ...
      returns a directory of available endpoints ... [0m[32mok[0m [0m[38;5;245m(4ms)[0m
    GET ... [0m[32mok[0m [0m[38;5;245m(4ms)[0m
  Root [/] ... [0m[32mok[0m [0m[38;5;245m(6ms)[0m
/ ... [0m[32mok[0m [0m[38;5;245m(6ms)[0m
[0m[38;5;245mrunning 1 test from ./collections/users/controller.test.ts[0m
UserController ...
  getById ...
    returns undefined if no user can be found ... [0m[32mok[0m [0m[38;5;245m(14ms)[0m
    returns the user ... [0m[32mok[0m [0m[38;5;245m(4ms)[0m
    returns a sparse fieldset ... [0m[32mok[0m [0m[38;5;245m(4ms)[0m
  getById ... [0m[32mok[0m [0m[38;5;245m(23ms)[0m
  getByUsername ...
    returns undefined if no user can be found ... [0m[32mok[0m [0m[38;5;245m(4ms)[0m
    returns the user ... [0m[32mok[0m [0m[38;5;245m(3ms)[0m
    returns a sparse fieldset ... [0m[32mok[0m [0m[38;5;245m(4ms)[0m
  getByUsername ... [0m[32mok[0m [0m[38;5;245m(12ms)[0m
  get ...
    returns undefined if no user can be found by ID ... [0m[32mok[0m [0m[38;5;245m(3ms)[0m
    returns undefined if no user can be found by username ... [0m[32mok[0m [0m[38;5;245m(4ms)[0m
    returns a user found by ID ... [0m[32mok[0m [0m[38;5;245m(3ms)[0m
    returns a user found by username ... [0m[32mok[0m [0m[38;5;245m(4ms)[0m
  get ... [0m[32mok[0m [0m[38;5;245m(14ms)[0m
UserController ... [0m[32mok[0m [0m[38;5;245m(50ms)[0m
[0m[38;5;245mrunning 1 test from ./collections/users/repository.test.ts[0m
UserRepository ...
  save ...
    can create a new user ... [0m[32mok[0m [0m[38;5;245m(14ms)[0m
    can update an existing user ... [0m[32mok[0m [0m[38;5;245m(4ms)[0m
  save ... [0m[32mok[0m [0m[38;5;245m(18ms)[0m
  get ...
    returns null if given an invalid UUID ... [0m[32mok[0m [0m[38;5;245m(3ms)[0m
    returns null if nothing matches ... [0m[32mok[0m [0m[38;5;245m(3ms)[0m
    returns a single record based on ID ... [0m[32mok[0m [0m[38;5;245m(4ms)[0m
  get ... [0m[32mok[0m [0m[38;5;245m(10ms)[0m
  getByUsername ...
    returns null if given a username that is too long ... [0m[32mok[0m [0m[38;5;245m(3ms)[0m
    returns null if nothing matches ... [0m[32mok[0m [0m[38;5;245m(3ms)[0m
    returns a single record based on username ... [0m[32mok[0m [0m[38;5;245m(3ms)[0m
  getByUsername ... [0m[32mok[0m [0m[38;5;245m(11ms)[0m
  list ...
    returns an empty list if there are no records ... [0m[32mok[0m [0m[38;5;245m(4ms)[0m
    returns all existing records ... [0m[32mok[0m [0m[38;5;245m(3ms)[0m
    paginates results ... [0m[32mok[0m [0m[38;5;245m(3ms)[0m
  list ... [0m[32mok[0m [0m[38;5;245m(12ms)[0m
UserRepository ... [0m[32mok[0m [0m[38;5;245m(53ms)[0m
[0m[38;5;245mrunning 1 test from ./collections/users/router.test.ts[0m
/users ...
  Resource [/users/:id] ...
    GET ...
      returns 404 if the user ID cannot be found ... [0m[32mok[0m [0m[38;5;245m(10ms)[0m
      returns 404 if the username cannot be found ... [0m[32mok[0m [0m[38;5;245m(2ms)[0m
      returns user by ID ... [0m[32mok[0m [0m[38;5;245m(15ms)[0m
      returns user by username ... [0m[32mok[0m [0m[38;5;245m(5ms)[0m
      supports sparse fieldsets with ID ... [0m[32mok[0m [0m[38;5;245m(7ms)[0m
      supports sparse fieldsets with username ... [0m[32mok[0m [0m[38;5;245m(7ms)[0m
    GET ... [0m[32mok[0m [0m[38;5;245m(48ms)[0m
  Resource [/users/:id] ... [0m[32mok[0m [0m[38;5;245m(48ms)[0m
/users ... [0m[32mok[0m [0m[38;5;245m(49ms)[0m
[0m[38;5;245mrunning 1 test from ./middlewares/add-user.test.ts[0m
addUser ...
  proceeds if not given an authorization header ... [0m[32mok[0m [0m[38;5;245m(0ms)[0m
  proceeds if not given a valid authorization header ... [0m[32mok[0m [0m[38;5;245m(0ms)[0m
  proceeds if given an expired token ... [0m[32mok[0m [0m[38;5;245m(2ms)[0m
  attaches the user ... [0m[32mok[0m [0m[38;5;245m(0ms)[0m
addUser ... [0m[32mok[0m [0m[38;5;245m(5ms)[0m
[0m[38;5;245mrunning 1 test from ./middlewares/jsonapi/accept.test.ts[0m
enforceJsonApiAccept ...
  proceeds if there is no Accept header ... [0m[32mok[0m [0m[38;5;245m(1ms)[0m
  proceeds if the Accept header is */* ... [0m[32mok[0m [0m[38;5;245m(0ms)[0m
  proceeds if the Accept header contains */* ... [0m[32mok[0m [0m[38;5;245m(0ms)[0m
  proceeds if the Accept header is valid type ... [0m[32mok[0m [0m[38;5;245m(0ms)[0m
  proceeds if the Accept header contains valid type ... [0m[32mok[0m [0m[38;5;245m(0ms)[0m
  returns 406 if not given a valid Accept type ... [0m[32mok[0m [0m[38;5;245m(0ms)[0m
  returns 406 if given an invalid profile ... [0m[32mok[0m [0m[38;5;245m(0ms)[0m
  returns 406 if given an invalid extension ... [0m[32mok[0m [0m[38;5;245m(0ms)[0m
  returns 406 if given any other parameter ... [0m[32mok[0m [0m[38;5;245m(0ms)[0m
  proceeds if any Accept type is valid ... [0m[32mok[0m [0m[38;5;245m(0ms)[0m
enforceJsonApiAccept ... [0m[32mok[0m [0m[38;5;245m(5ms)[0m
[0m[38;5;245mrunning 1 test from ./middlewares/jsonapi/content-type.test.ts[0m
enforceJsonApiContentType ...
  proceeds if there is no Content-Type header ... [0m[32mok[0m [0m[38;5;245m(1ms)[0m
  proceeds if given a valid Content-Type header ... [0m[32mok[0m [0m[38;5;245m(0ms)[0m
  returns 415 if not given a valid Content-Type header ... [0m[32mok[0m [0m[38;5;245m(0ms)[0m
  returns 415 if given an invalid profile ... [0m[32mok[0m [0m[38;5;245m(0ms)[0m
  returns 415 if given an invalid extension ... [0m[32mok[0m [0m[38;5;245m(0ms)[0m
  returns 415 if given any other parameter ... [0m[32mok[0m [0m[38;5;245m(0ms)[0m
enforceJsonApiContentType ... [0m[32mok[0m [0m[38;5;245m(3ms)[0m
[0m[38;5;245mrunning 1 test from ./middlewares/require/body/token-creation.test.ts[0m
requireTokenCreationBody ...
  proceeds if given a token creation object ... [0m[32mok[0m [0m[38;5;245m(1ms)[0m
  returns 400 if not given a user creation object ... [0m[32mok[0m [0m[38;5;245m(0ms)[0m
requireTokenCreationBody ... [0m[32mok[0m [0m[38;5;245m(2ms)[0m
[0m[38;5;245mrunning 1 test from ./middlewares/require/user.test.ts[0m
requireUser ...
  proceeds if there is a user ... [0m[32mok[0m [0m[38;5;245m(0ms)[0m
  returns 401 if there is no user ... [0m[32mok[0m [0m[38;5;245m(0ms)[0m
requireUser ... [0m[32mok[0m [0m[38;5;245m(1ms)[0m
[0m[38;5;245mrunning 1 test from ./types/token-creation.test.ts[0m
isTokenCreation ...
  returns false if given a primitive ... [0m[32mok[0m [0m[38;5;245m(0ms)[0m
  returns false if given an object that is not a TokenCreation ... [0m[32mok[0m [0m[38;5;245m(0ms)[0m
  returns false if given TokenAccessAttributes without an approved provider ... [0m[32mok[0m [0m[38;5;245m(0ms)[0m
  returns true if given an object with TokenAccessAttributes ... [0m[32mok[0m [0m[38;5;245m(0ms)[0m
  returns true if given an object with TokenRefreshAttributes ... [0m[32mok[0m [0m[38;5;245m(0ms)[0m
isTokenCreation ... [0m[32mok[0m [0m[38;5;245m(2ms)[0m
[0m[38;5;245mrunning 1 test from ./utils/add-pagination-links.test.ts[0m
addPaginationLinks ...
  adds pagination links for an empty set ... [0m[32mok[0m [0m[38;5;245m(1ms)[0m
  handles a set with just one page ... [0m[32mok[0m [0m[38;5;245m(0ms)[0m
  handles the first page of a set ... [0m[32mok[0m [0m[38;5;245m(0ms)[0m
  handles the x+1 page of a set ... [0m[32mok[0m [0m[38;5;245m(0ms)[0m
  handles weird offsets ... [0m[32mok[0m [0m[38;5;245m(0ms)[0m
  handles the last page of a set ... [0m[32mok[0m [0m[38;5;245m(0ms)[0m
addPaginationLinks ... [0m[32mok[0m [0m[38;5;245m(2ms)[0m
[0m[38;5;245mrunning 1 test from ./utils/add-to-query.test.ts[0m
addToQuery ...
  adds a query string to a URL ... [0m[32mok[0m [0m[38;5;245m(0ms)[0m
  appends to an existing querystring ... [0m[32mok[0m [0m[38;5;245m(0ms)[0m
addToQuery ... [0m[32mok[0m [0m[38;5;245m(1ms)[0m
[0m[38;5;245mrunning 1 test from ./utils/auth/verify-discord.test.ts[0m
verifyDiscordToken ...
  returns false if not given a valid Discord OAuth access token ... [0m[32mok[0m [0m[38;5;245m(143ms)[0m
verifyDiscordToken ... [0m[32mok[0m [0m[38;5;245m(143ms)[0m
[0m[38;5;245mrunning 1 test from ./utils/auth/verify-google.test.ts[0m
verifyGoogleToken ...
  returns false if not given a valid Google OAuth ID token ... [0m[32mok[0m [0m[38;5;245m(95ms)[0m
verifyGoogleToken ... [0m[32mok[0m [0m[38;5;245m(96ms)[0m
[0m[38;5;245mrunning 1 test from ./utils/auth/verify-oauth.test.ts[0m
verifyOAuthToken ...
  returns false if not given a valid Google OAuth ID token ... [0m[32mok[0m [0m[38;5;245m(96ms)[0m
  returns false if not given a valid GitHub OAuth access token ... [0m[32mok[0m [0m[38;5;245m(108ms)[0m
  returns false if not given a valid Discord OAuth access token ... [0m[32mok[0m [0m[38;5;245m(227ms)[0m
verifyOAuthToken ... [0m[32mok[0m [0m[38;5;245m(435ms)[0m
[0m[38;5;245mrunning 1 test from ./utils/get-env-number.test.ts[0m
getEnvNumber ...
  returns the environment variable value as a number ... [0m[32mok[0m [0m[38;5;245m(1ms)[0m
  defaults to zero if not found ... [0m[32mok[0m [0m[38;5;245m(0ms)[0m
  defaults to specified fallback if not found ... [0m[32mok[0m [0m[38;5;245m(0ms)[0m
getEnvNumber ... [0m[32mok[0m [0m[38;5;245m(2ms)[0m
[0m[38;5;245mrunning 1 test from ./utils/get-jsonapi.test.ts[0m
getJSONAPI ...
  returns information about the JSON:API version being used ... [0m[32mok[0m [0m[38;5;245m(0ms)[0m
getJSONAPI ... [0m[32mok[0m [0m[38;5;245m(1ms)[0m
[0m[38;5;245mrunning 1 test from ./utils/get-jwt-secret.test.ts[0m
getJWTSecret ...
  returns the JWT secret ... [0m[32mok[0m [0m[38;5;245m(0ms)[0m
getJWTSecret ... [0m[32mok[0m [0m[38;5;245m(0ms)[0m
[0m[38;5;245mrunning 1 test from ./utils/get-pagination-queries.test.ts[0m
getPaginationQueries ...
  handles an empty set ... [0m[32mok[0m [0m[38;5;245m(0ms)[0m
  handles a set with just one page ... [0m[32mok[0m [0m[38;5;245m(0ms)[0m
  handles the first page of a set ... [0m[32mok[0m [0m[38;5;245m(0ms)[0m
  handles the x+1 page of a set ... [0m[32mok[0m [0m[38;5;245m(0ms)[0m
  handles weird offsets ... [0m[32mok[0m [0m[38;5;245m(0ms)[0m
  handles the last page of a set ... [0m[32mok[0m [0m[38;5;245m(0ms)[0m
  isn't thrown off by off-by-one errors ... [0m[32mok[0m [0m[38;5;245m(0ms)[0m
getPaginationQueries ... [0m[32mok[0m [0m[38;5;245m(2ms)[0m
[0m[38;5;245mrunning 1 test from ./utils/get-prefix.test.ts[0m
getPrefix ...
  returns the version prefix if not given a collection ... [0m[32mok[0m [0m[38;5;245m(1ms)[0m
  returns the router prefix ... [0m[32mok[0m [0m[38;5;245m(0ms)[0m
getPrefix ... [0m[32mok[0m [0m[38;5;245m(1ms)[0m
[0m[38;5;245mrunning 1 test from ./utils/get-refresh-expiration.test.ts[0m
getRefreshExpiration ...
  returns the refresh expiration date ... [0m[32mok[0m [0m[38;5;245m(0ms)[0m
getRefreshExpiration ... [0m[32mok[0m [0m[38;5;245m(0ms)[0m
[0m[38;5;245mrunning 1 test from ./utils/get-root.test.ts[0m
getRoot ...
  returns the API root ... [0m[32mok[0m [0m[38;5;245m(0ms)[0m
getRoot ... [0m[32mok[0m [0m[38;5;245m(0ms)[0m
[0m[38;5;245mrunning 1 test from ./utils/get-token-expiration.test.ts[0m
getTokenExpiration ...
  returns the token expiration date ... [0m[32mok[0m [0m[38;5;245m(1ms)[0m
getTokenExpiration ... [0m[32mok[0m [0m[38;5;245m(0ms)[0m
[0m[38;5;245mrunning 2 tests from ./utils/is-valid-media-type.test.ts[0m
isValidMediaType ...
  rejects non-MIME strings ... [0m[32mok[0m [0m[38;5;245m(1ms)[0m
  rejects other MIME types ... [0m[32mok[0m [0m[38;5;245m(0ms)[0m
  accepts application/vnd.api+json ... [0m[32mok[0m [0m[38;5;245m(0ms)[0m
  rejects anything with a profile ... [0m[32mok[0m [0m[38;5;245m(1ms)[0m
  rejects anything with an extension ... [0m[32mok[0m [0m[38;5;245m(0ms)[0m
  rejects anything with any other parameters ... [0m[32mok[0m [0m[38;5;245m(0ms)[0m
isValidMediaType ... [0m[32mok[0m [0m[38;5;245m(2ms)[0m
isParam (isValidMediaType helper) ...
  returns false if string doesn't start with param ... [0m[32mok[0m [0m[38;5;245m(0ms)[0m
  returns false if there are no accepted values ... [0m[32mok[0m [0m[38;5;245m(0ms)[0m
  returns false if value is not in accepted values ... [0m[32mok[0m [0m[38;5;245m(0ms)[0m
  returns true if value is in accepted values ... [0m[32mok[0m [0m[38;5;245m(0ms)[0m
isParam (isValidMediaType helper) ... [0m[32mok[0m [0m[38;5;245m(1ms)[0m
[0m[38;5;245mrunning 1 test from ./utils/responses/send-400.test.ts[0m
send400 ...
  sends a 400 error response ... [0m[32mok[0m [0m[38;5;245m(1ms)[0m
send400 ... [0m[32mok[0m [0m[38;5;245m(1ms)[0m
[0m[38;5;245mrunning 1 test from ./utils/responses/send-401.test.ts[0m
send401 ...
  sends a 401 error response ... [0m[32mok[0m [0m[38;5;245m(1ms)[0m
send401 ... [0m[32mok[0m [0m[38;5;245m(1ms)[0m
[0m[38;5;245mrunning 1 test from ./utils/responses/send-404.test.ts[0m
send404 ...
  sends a 404 error response ... [0m[32mok[0m [0m[38;5;245m(0ms)[0m
send404 ... [0m[32mok[0m [0m[38;5;245m(1ms)[0m
[0m[38;5;245mrunning 1 test from ./utils/responses/send-406.test.ts[0m
send406 ...
  sends a 406 error response ... [0m[32mok[0m [0m[38;5;245m(0ms)[0m
send406 ... [0m[32mok[0m [0m[38;5;245m(1ms)[0m
[0m[38;5;245mrunning 1 test from ./utils/responses/send-415.test.ts[0m
send415 ...
  sends a 415 error response ... [0m[32mok[0m [0m[38;5;245m(0ms)[0m
send415 ... [0m[32mok[0m [0m[38;5;245m(1ms)[0m
[0m[38;5;245mrunning 1 test from ./utils/responses/send-500.test.ts[0m
send500 ...
  sends a 500 error response ... [0m[32mok[0m [0m[38;5;245m(0ms)[0m
send500 ... [0m[32mok[0m [0m[38;5;245m(1ms)[0m
[0m[38;5;245mrunning 1 test from ./utils/responses/send-http-error.test.ts[0m
sendHttpError ...
  sends the specified error response ... [0m[32mok[0m [0m[38;5;245m(1ms)[0m
sendHttpError ... [0m[32mok[0m [0m[38;5;245m(1ms)[0m
[0m[38;5;245mrunning 1 test from ./utils/responses/send-json.test.ts[0m
sendJSON ...
  sends a JSON response ... [0m[32mok[0m [0m[38;5;245m(0ms)[0m
sendJSON ... [0m[32mok[0m [0m[38;5;245m(1ms)[0m
[0m[38;5;245mrunning 1 test from ./utils/transformers/account-to-provider-resource.test.ts[0m
accountToProviderResource ...
  returns a provider response ... [0m[32mok[0m [0m[38;5;245m(1ms)[0m
accountToProviderResource ... [0m[32mok[0m [0m[38;5;245m(0ms)[0m
[0m[38;5;245mrunning 1 test from ./utils/transformers/auth-token-record-to-auth-token.test.ts[0m
authTokenRecordToAuthToken ...
  returns null if user cannot be found ... [0m[32mok[0m [0m[38;5;245m(14ms)[0m
  turns an AuthTokenRecord into an AuthToken ... [0m[32mok[0m [0m[38;5;245m(87ms)[0m
authTokenRecordToAuthToken ... [0m[32mok[0m [0m[38;5;245m(102ms)[0m
[0m[38;5;245mrunning 1 test from ./utils/transformers/auth-token-to-auth-token-record.test.ts[0m
authTokenToAuthTokenRecord ...
  returns an AuthToken ... [0m[32mok[0m [0m[38;5;245m(1ms)[0m
authTokenToAuthTokenRecord ... [0m[32mok[0m [0m[38;5;245m(0ms)[0m
[0m[38;5;245mrunning 1 test from ./utils/transformers/auth-token-to-jwt.test.ts[0m
authTokenToJWT ...
  returns a JWT ... [0m[32mok[0m [0m[38;5;245m(56ms)[0m
authTokenToJWT ... [0m[32mok[0m [0m[38;5;245m(57ms)[0m
[0m[38;5;245mrunning 1 test from ./utils/transformers/auth-token-to-response.test.ts[0m
authTokenToResponse ...
  generates a Response ... [0m[32mok[0m [0m[38;5;245m(56ms)[0m
authTokenToResponse ... [0m[32mok[0m [0m[38;5;245m(56ms)[0m
[0m[38;5;245mrunning 1 test from ./utils/transformers/interval-to-ms.test.ts[0m
intervalToMs ...
  returns 0 if given a string it does not understand ... [0m[32mok[0m [0m[38;5;245m(1ms)[0m
  returns the number of milliseconds in 1 second ... [0m[32mok[0m [0m[38;5;245m(0ms)[0m
  returns the number of milliseconds in 2 seconds ... [0m[32mok[0m [0m[38;5;245m(0ms)[0m
  returns the number of milliseconds in 10 seconds ... [0m[32mok[0m [0m[38;5;245m(0ms)[0m
  returns the number of milliseconds in 1 minute ... [0m[32mok[0m [0m[38;5;245m(0ms)[0m
  returns the number of milliseconds in 2 minutes ... [0m[32mok[0m [0m[38;5;245m(0ms)[0m
  returns the number of milliseconds in 10 minutes ... [0m[32mok[0m [0m[38;5;245m(1ms)[0m
  returns the number of milliseconds in 1 hour ... [0m[32mok[0m [0m[38;5;245m(0ms)[0m
  returns the number of milliseconds in 2 hours ... [0m[32mok[0m [0m[38;5;245m(0ms)[0m
  returns the number of milliseconds in 10 hours ... [0m[32mok[0m [0m[38;5;245m(0ms)[0m
  returns the number of milliseconds in 1 day ... [0m[32mok[0m [0m[38;5;245m(0ms)[0m
  returns the number of milliseconds in 2 days ... [0m[32mok[0m [0m[38;5;245m(0ms)[0m
  returns the number of milliseconds in 10 days ... [0m[32mok[0m [0m[38;5;245m(0ms)[0m
  returns the number of milliseconds in 1 week ... [0m[32mok[0m [0m[38;5;245m(0ms)[0m
  returns the number of milliseconds in 2 weeks ... [0m[32mok[0m [0m[38;5;245m(0ms)[0m
  returns the number of milliseconds in 10 weeks ... [0m[32mok[0m [0m[38;5;245m(0ms)[0m
  can handle floats ... [0m[32mok[0m [0m[38;5;245m(0ms)[0m
intervalToMs ... [0m[32mok[0m [0m[38;5;245m(6ms)[0m
[0m[38;5;245mrunning 1 test from ./utils/transformers/jwt-to-auth-token-record.test.ts[0m
jwtToAuthTokenRecord ...
  returns an AuthTokenRecord ... [0m[32mok[0m [0m[38;5;245m(3ms)[0m
jwtToAuthTokenRecord ... [0m[32mok[0m [0m[38;5;245m(3ms)[0m
[0m[38;5;245mrunning 1 test from ./utils/transformers/provider-resources-to-response.test.ts[0m
providerResourcesToResponse ...
  generates a Response for a single provider resource ... [0m[32mok[0m [0m[38;5;245m(1ms)[0m
  generates a Response for multiple provider resources ... [0m[32mok[0m [0m[38;5;245m(0ms)[0m
providerResourcesToResponse ... [0m[32mok[0m [0m[38;5;245m(1ms)[0m
[0m[38;5;245mrunning 1 test from ./utils/transformers/readable-stream-to-object.test.ts[0m
readableStreamToObject ...
  returns an object ... [0m[32mok[0m [0m[38;5;245m(1ms)[0m
readableStreamToObject ... [0m[32mok[0m [0m[38;5;245m(1ms)[0m
[0m[38;5;245mrunning 1 test from ./utils/transformers/readable-stream-to-string.test.ts[0m
readableStreamToString ...
  returns a string ... [0m[32mok[0m [0m[38;5;245m(1ms)[0m
readableStreamToString ... [0m[32mok[0m [0m[38;5;245m(1ms)[0m
[0m[38;5;245mrunning 1 test from ./utils/transformers/string-to-readable-stream.test.ts[0m
stringToReadableStream ...
  returns a readable stream ... [0m[32mok[0m [0m[38;5;245m(1ms)[0m
stringToReadableStream ... [0m[32mok[0m [0m[38;5;245m(1ms)[0m
[0m[38;5;245mrunning 1 test from ./utils/transformers/url-to-user-fields.test.ts[0m
urlToUserFields ...
  returns undefined when no fields are specified ... [0m[32mok[0m [0m[38;5;245m(0ms)[0m
  returns the fields specified ... [0m[32mok[0m [0m[38;5;245m(0ms)[0m
urlToUserFields ... [0m[32mok[0m [0m[38;5;245m(2ms)[0m
[0m[38;5;245mrunning 1 test from ./utils/transformers/user-provider-id-to-account.test.ts[0m
userProviderIDToAccount ...
  returns an Account ... [0m[32mok[0m [0m[38;5;245m(1ms)[0m
userProviderIDToAccount ... [0m[32mok[0m [0m[38;5;245m(0ms)[0m
[0m[38;5;245mrunning 1 test from ./utils/transformers/user-to-auth-token-record.test.ts[0m
userToAuthTokenRecord ...
  creates an AuthTokenRecord ... [0m[32mok[0m [0m[38;5;245m(1ms)[0m
userToAuthTokenRecord ... [0m[32mok[0m [0m[38;5;245m(1ms)[0m
[0m[38;5;245mrunning 1 test from ./utils/transformers/user-to-link.test.ts[0m
userToLink ...
  returns a link to a UserResource ... [0m[32mok[0m [0m[38;5;245m(1ms)[0m
  returns a link to the Users collection if user has no ID ... [0m[32mok[0m [0m[38;5;245m(0ms)[0m
userToLink ... [0m[32mok[0m [0m[38;5;245m(1ms)[0m
[0m[38;5;245mrunning 1 test from ./utils/transformers/user-to-user-attributes.test.ts[0m
userToUserAttributes ...
  returns a UserAttributes object ... [0m[32mok[0m [0m[38;5;245m(0ms)[0m
  can return a sparse fieldset ... [0m[32mok[0m [0m[38;5;245m(0ms)[0m
userToUserAttributes ... [0m[32mok[0m [0m[38;5;245m(1ms)[0m
[0m[38;5;245mrunning 1 test from ./utils/transformers/user-to-user-resource.test.ts[0m
userToUserResource ...
  returns a UserResource object ... [0m[32mok[0m [0m[38;5;245m(1ms)[0m
  can return a sparse fieldset ... [0m[32mok[0m [0m[38;5;245m(0ms)[0m
userToUserResource ... [0m[32mok[0m [0m[38;5;245m(1ms)[0m
[0m[38;5;245mrunning 1 test from ./utils/transformers/user-to-user-response.test.ts[0m
userToUserResponse ...
  generates a Response ... [0m[32mok[0m [0m[38;5;245m(1ms)[0m
  can return a sparse fieldset ... [0m[32mok[0m [0m[38;5;245m(0ms)[0m
userToUserResponse ... [0m[32mok[0m [0m[38;5;245m(1ms)[0m
[0m[38;5;245mrunning 1 test from ./utils/transformers/users-to-user-page-response.test.ts[0m
usersToUserPageResponse ...
  generates a paginated Response ... [0m[32mok[0m [0m[38;5;245m(1ms)[0m
usersToUserPageResponse ... [0m[32mok[0m [0m[38;5;245m(1ms)[0m

[0m[32mok[0m | 61 passed (248 steps) | 0 failed [0m[38;5;245m(5s)[0m

